Component: Arm Compiler for Embedded 6.19 Tool: armlink [5e73cb00]

==============================================================================

Section Cross References

    startup.o(STACK) refers (Special) to heapauxi.o(.text) for __use_two_region_memory
    startup.o(HEAP) refers (Special) to heapauxi.o(.text) for __use_two_region_memory
    startup.o(RESET) refers (Special) to heapauxi.o(.text) for __use_two_region_memory
    startup.o(RESET) refers to startup.o(STACK) for StackMem
    startup.o(RESET) refers to soundfile.o(.text.SysTick_Handler) for SysTick_Handler
    startup.o(RESET) refers to spaceinvaders.o(.text.GPIOPortE_Handler) for GPIOPortE_Handler
    startup.o(RESET) refers to spaceinvaders.o(.text.Timer1A_Handler) for Timer1A_Handler
    startup.o(RESET) refers to wave.o(.text.Timer2A_Handler) for Timer2A_Handler
    startup.o(RESET) refers to spaceinvaders.o(.text.Timer3A_Handler) for Timer3A_Handler
    startup.o(RESET) refers to texas.o(.text.Timer5A_Handler) for Timer5A_Handler
    startup.o(RESET) refers to __main.o(!!!main) for __main
    startup.o(.text) refers (Special) to heapauxi.o(.text) for __use_two_region_memory
    startup.o(.text) refers to startup.o(HEAP) for HeapMem
    startup.o(.text) refers to startup.o(STACK) for StackMem
    random.o(.text) refers to random.o(DATA) for M
    timer0.o(.ARM.exidx.text.Timer0_Init) refers to timer0.o(.text.Timer0_Init) for [Anonymous Symbol]
    timer1.o(.ARM.exidx.text.Timer1_Init) refers to timer1.o(.text.Timer1_Init) for [Anonymous Symbol]
    timer1.o(.ARM.exidx.text.PortF_Init) refers to timer1.o(.text.PortF_Init) for [Anonymous Symbol]
    spaceinvaders.o(.ARM.exidx.text.main2) refers to spaceinvaders.o(.text.main2) for [Anonymous Symbol]
    spaceinvaders.o(.text.main1) refers to startup.o(.text) for DisableInterrupts
    spaceinvaders.o(.text.main1) refers to texas.o(.text.TExaS_Init) for TExaS_Init
    spaceinvaders.o(.text.main1) refers to random.o(.text) for Random_Init
    spaceinvaders.o(.text.main1) refers to st7735.o(.text.Output_Init) for Output_Init
    spaceinvaders.o(.text.main1) refers to st7735.o(.text.ST7735_FillScreen) for ST7735_FillScreen
    spaceinvaders.o(.text.main1) refers to spaceinvaders.o(.rodata.PlayerShip0) for PlayerShip0
    spaceinvaders.o(.text.main1) refers to st7735.o(.text.ST7735_DrawBitmap) for ST7735_DrawBitmap
    spaceinvaders.o(.text.main1) refers to spaceinvaders.o(.rodata.Bunker0) for Bunker0
    spaceinvaders.o(.text.main1) refers to spaceinvaders.o(.rodata.PlayerShip1) for PlayerShip1
    spaceinvaders.o(.text.main1) refers to spaceinvaders.o(.rodata.PlayerShip2) for PlayerShip2
    spaceinvaders.o(.text.main1) refers to spaceinvaders.o(.rodata.PlayerShip3) for PlayerShip3
    spaceinvaders.o(.text.main1) refers to spaceinvaders.o(.rodata.SmallEnemy10pointA) for SmallEnemy10pointA
    spaceinvaders.o(.text.main1) refers to spaceinvaders.o(.rodata.SmallEnemy10pointB) for SmallEnemy10pointB
    spaceinvaders.o(.text.main1) refers to spaceinvaders.o(.rodata.SmallEnemy20pointA) for SmallEnemy20pointA
    spaceinvaders.o(.text.main1) refers to spaceinvaders.o(.rodata.SmallEnemy20pointB) for SmallEnemy20pointB
    spaceinvaders.o(.text.main1) refers to spaceinvaders.o(.rodata.SmallEnemy30pointA) for SmallEnemy30pointA
    spaceinvaders.o(.text.main1) refers to spaceinvaders.o(.rodata.SmallEnemy30pointB) for SmallEnemy30pointB
    spaceinvaders.o(.text.main1) refers to spaceinvaders.o(.text.Delay100ms) for Delay100ms
    spaceinvaders.o(.text.main1) refers to st7735.o(.text.ST7735_SetCursor) for ST7735_SetCursor
    spaceinvaders.o(.text.main1) refers to spaceinvaders.o(.rodata.str1.1) for .L.str
    spaceinvaders.o(.text.main1) refers to st7735.o(.text.ST7735_OutString) for ST7735_OutString
    spaceinvaders.o(.text.main1) refers to st7735.o(.text.ST7735_OutUDec) for ST7735_OutUDec
    spaceinvaders.o(.ARM.exidx.text.main1) refers to spaceinvaders.o(.text.main1) for [Anonymous Symbol]
    spaceinvaders.o(.ARM.exidx.text.Delay100ms) refers to spaceinvaders.o(.text.Delay100ms) for [Anonymous Symbol]
    spaceinvaders.o(.text.main) refers to startup.o(.text) for DisableInterrupts
    spaceinvaders.o(.text.main) refers to texas.o(.text.TExaS_Init) for TExaS_Init
    spaceinvaders.o(.text.main) refers to st7735.o(.text.Output_Init) for Output_Init
    spaceinvaders.o(.text.main) refers to edgeinterrupt.o(.text.PortE_Init) for PortE_Init
    spaceinvaders.o(.text.main) refers to timer3ainitialization.o(.text.Timer3A_Init) for Timer3A_Init
    spaceinvaders.o(.text.main) refers to timer1.o(.text.Timer1_Init) for Timer1_Init
    spaceinvaders.o(.text.main) refers to timer1.o(.text.PortF_Init) for PortF_Init
    spaceinvaders.o(.text.main) refers to adc.o(.text.ADC_Init) for ADC_Init
    spaceinvaders.o(.text.main) refers to soundfile.o(.text.Sound_Init) for Sound_Init
[...]
    Removing st7735.o(.text.ST7735_Color565), (48 bytes).
    Removing st7735.o(.ARM.exidx.text.ST7735_Color565), (8 bytes).
    Removing st7735.o(.text.ST7735_SwapColor), (28 bytes).
    Removing st7735.o(.ARM.exidx.text.ST7735_SwapColor), (8 bytes).
    Removing st7735.o(.ARM.exidx.text.ST7735_DrawBitmap), (8 bytes).
    Removing st7735.o(.ARM.exidx.text.ST7735_DrawCharS), (8 bytes).
    Removing st7735.o(.text.ST7735_DrawChar), (428 bytes).
    Removing st7735.o(.ARM.exidx.text.ST7735_DrawChar), (8 bytes).
    Removing st7735.o(.ARM.exidx.text.ST7735_DrawString), (8 bytes).
    Removing st7735.o(.ARM.exidx.text.ST7735_OutUDec), (8 bytes).
    Removing st7735.o(.text.ST7735_OutFix), (184 bytes).
    Removing st7735.o(.ARM.exidx.text.ST7735_OutFix), (8 bytes).
    Removing st7735.o(.text.ST7735_SetRotation), (290 bytes).
    Removing st7735.o(.ARM.exidx.text.ST7735_SetRotation), (8 bytes).
    Removing st7735.o(.text.ST7735_InvertDisplay), (32 bytes).
    Removing st7735.o(.ARM.exidx.text.ST7735_InvertDisplay), (8 bytes).
    Removing st7735.o(.text.ST7735_PlotClear), (144 bytes).
    Removing st7735.o(.ARM.exidx.text.ST7735_PlotClear), (8 bytes).
    Removing st7735.o(.text.ST7735_PlotPoint), (222 bytes).
    Removing st7735.o(.ARM.exidx.text.ST7735_PlotPoint), (8 bytes).
    Removing st7735.o(.text.ST7735_PlotLine), (462 bytes).
    Removing st7735.o(.ARM.exidx.text.ST7735_PlotLine), (8 bytes).
    Removing st7735.o(.text.ST7735_PlotPoints), (314 bytes).
    Removing st7735.o(.ARM.exidx.text.ST7735_PlotPoints), (8 bytes).
    Removing st7735.o(.text.ST7735_PlotBar), (138 bytes).
    Removing st7735.o(.ARM.exidx.text.ST7735_PlotBar), (8 bytes).
    Removing st7735.o(.text.ST7735_PlotdBfs), (96 bytes).
    Removing st7735.o(.ARM.exidx.text.ST7735_PlotdBfs), (8 bytes).
    Removing st7735.o(.text.ST7735_PlotNext), (48 bytes).
    Removing st7735.o(.ARM.exidx.text.ST7735_PlotNext), (8 bytes).
    Removing st7735.o(.text.ST7735_PlotNextErase), (90 bytes).
    Removing st7735.o(.ARM.exidx.text.ST7735_PlotNextErase), (8 bytes).
    Removing st7735.o(.ARM.exidx.text.ST7735_OutChar), (8 bytes).
    Removing st7735.o(.ARM.exidx.text.ST7735_OutString), (8 bytes).
    Removing st7735.o(.text.ST7735_SetTextColor), (24 bytes).
    Removing st7735.o(.ARM.exidx.text.ST7735_SetTextColor), (8 bytes).
    Removing st7735.o(.text.fputc), (22 bytes).
    Removing st7735.o(.ARM.exidx.text.fputc), (8 bytes).
    Removing st7735.o(.text.fgetc), (10 bytes).
    Removing st7735.o(.ARM.exidx.text.fgetc), (8 bytes).
    Removing st7735.o(.text.ferror), (12 bytes).
    Removing st7735.o(.ARM.exidx.text.ferror), (8 bytes).
    Removing st7735.o(.ARM.exidx.text.Output_Init), (8 bytes).
    Removing st7735.o(.text.Output_Clear), (10 bytes).
    Removing st7735.o(.ARM.exidx.text.Output_Clear), (8 bytes).
    Removing st7735.o(.text.Output_Off), (8 bytes).
    Removing st7735.o(.ARM.exidx.text.Output_Off), (8 bytes).
    Removing st7735.o(.text.Output_On), (8 bytes).
    Removing st7735.o(.ARM.exidx.text.Output_On), (8 bytes).
    Removing st7735.o(.text.Output_Color), (18 bytes).
    Removing st7735.o(.ARM.exidx.text.Output_Color), (8 bytes).
    Removing st7735.o(.rodata.Bcmd), (103 bytes).
    Removing st7735.o(.rodata.smallCircle), (36 bytes).
    Removing st7735.o(.rodata.circle), (60 bytes).
    Removing st7735.o(.bss.Rotation), (1 bytes).
    Removing st7735.o(.bss.Ymax), (4 bytes).
    Removing st7735.o(.bss.Ymin), (4 bytes).
    Removing st7735.o(.bss.Yrange), (4 bytes).
    Removing st7735.o(.bss.X), (4 bytes).
    Removing st7735.o(.bss.lastj), (4 bytes).
    Removing st7735.o(.rodata.dBfs), (512 bytes).
    Removing st7735.o(.bss.Messageindex), (4 bytes).
    Removing wave.o(.text), (0 bytes).
    Removing wave.o(.text.Timer2A_Init), (136 bytes).
    Removing wave.o(.ARM.exidx.text.Timer2A_Init), (8 bytes).
    Removing wave.o(.text.Timer2A_Start), (16 bytes).
    Removing wave.o(.ARM.exidx.text.Timer2A_Start), (8 bytes).
    Removing wave.o(.text.Wave_Stop), (16 bytes).
    Removing wave.o(.ARM.exidx.text.Wave_Stop), (8 bytes).
    Removing wave.o(.text.Wave_Init), (22 bytes).
    Removing wave.o(.ARM.exidx.text.Wave_Init), (8 bytes).
    Removing wave.o(.ARM.exidx.text.Timer2A_Handler), (8 bytes).
    Removing wave.o(.text.Wave_Start), (10 bytes).
    Removing wave.o(.ARM.exidx.text.Wave_Start), (8 bytes).
    Removing wave.o(.text.Wave_Shoot), (20 bytes).
    Removing wave.o(.ARM.exidx.text.Wave_Shoot), (8 bytes).
    Removing wave.o(.text.Wave_Killed), (20 bytes).
    Removing wave.o(.ARM.exidx.text.Wave_Killed), (8 bytes).
    Removing wave.o(.text.Wave_Explosion), (20 bytes).
    Removing wave.o(.ARM.exidx.text.Wave_Explosion), (8 bytes).
    Removing wave.o(.text.Wave_Highpitch), (20 bytes).
    Removing wave.o(.ARM.exidx.text.Wave_Highpitch), (8 bytes).
    Removing wave.o(.rodata.explosion), (2000 bytes).
    Removing wave.o(.rodata.highpitch), (1802 bytes).
    Removing wave.o(.rodata.fastinvader1), (982 bytes).
    Removing wave.o(.rodata.fastinvader2), (1042 bytes).
    Removing wave.o(.rodata.fastinvader3), (1054 bytes).
    Removing wave.o(.rodata.fastinvader4), (1098 bytes).
    Removing edgeinterrupt.o(.text), (0 bytes).
    Removing edgeinterrupt.o(.ARM.exidx.text.PortE_Init), (8 bytes).
    Removing timer3ainitialization.o(.text), (0 bytes).
    Removing timer3ainitialization.o(.ARM.exidx.text.Timer3A_Init), (8 bytes).
    Removing timer2a.o(.text), (0 bytes).
    Removing timer2a.o(.text.Timer2_Init), (144 bytes).
    Removing timer2a.o(.ARM.exidx.text.Timer2_Init), (8 bytes).
    Removing soundfile.o(.text), (0 bytes).
    Removing soundfile.o(.ARM.exidx.text.Sound_Init), (8 bytes).
    Removing soundfile.o(.ARM.exidx.text.Sound_Start), (8 bytes).
    Removing soundfile.o(.text.Sound_Voice), (8 bytes).
    Removing soundfile.o(.ARM.exidx.text.Sound_Voice), (8 bytes).
    Removing soundfile.o(.text.Sound_Off), (22 bytes).
    Removing soundfile.o(.ARM.exidx.text.Sound_Off), (8 bytes).
    Removing soundfile.o(.text.Sound_GetVoice), (4 bytes).
    Removing soundfile.o(.ARM.exidx.text.Sound_GetVoice), (8 bytes).
    Removing soundfile.o(.ARM.exidx.text.SysTick_Handler), (8 bytes).
    Removing soundfile.o(.rodata.SineWave), (64 bytes).

213 unused section(s) (total 17456 bytes) removed from the image.

==============================================================================

Image Symbol Table

    Local Symbols

    Symbol Name                              Value     Ov Type        Size  Object(Section)

    ../clib/angel/boardlib.s                 0x00000000   Number         0  boardinit1.o ABSOLUTE
    ../clib/angel/boardlib.s                 0x00000000   Number         0  boardinit2.o ABSOLUTE
    ../clib/angel/boardlib.s                 0x00000000   Number         0  boardinit3.o ABSOLUTE
    ../clib/angel/boardlib.s                 0x00000000   Number         0  boardshut.o ABSOLUTE
    ../clib/angel/handlers.s                 0x00000000   Number         0  __scatter_copy.o ABSOLUTE
    ../clib/angel/handlers.s                 0x00000000   Number         0  __scatter_zi.o ABSOLUTE
    ../clib/angel/kernel.s                   0x00000000   Number         0  __rtentry.o ABSOLUTE
    ../clib/angel/kernel.s                   0x00000000   Number         0  __rtentry2.o ABSOLUTE
    ../clib/angel/kernel.s                   0x00000000   Number         0  __rtentry4.o ABSOLUTE
    ../clib/angel/kernel.s                   0x00000000   Number         0  rtexit.o ABSOLUTE
    ../clib/angel/kernel.s                   0x00000000   Number         0  rtexit2.o ABSOLUTE
    ../clib/angel/rt.s                       0x00000000   Number         0  rt_raise.o ABSOLUTE
    ../clib/angel/scatter.s                  0x00000000   Number         0  __scatter.o ABSOLUTE
    ../clib/angel/startup.s                  0x00000000   Number         0  __main.o ABSOLUTE
    ../clib/angel/sys.s                      0x00000000   Number         0  sys_stackheap_outer.o ABSOLUTE
    ../clib/angel/sys.s                      0x00000000   Number         0  libspace.o ABSOLUTE
    ../clib/angel/sys.s                      0x00000000   Number         0  use_no_semi.o ABSOLUTE
    ../clib/angel/sys.s                      0x00000000   Number         0  indicate_semi.o ABSOLUTE
    ../clib/angel/sysapp.c                   0x00000000   Number         0  sys_exit.o ABSOLUTE
    ../clib/angel/sysapp.c                   0x00000000   Number         0  sys_exit_hlt.o ABSOLUTE
    ../clib/angel/sysapp.c                   0x00000000   Number         0  sys_command.o ABSOLUTE
    ../clib/angel/sysapp.c                   0x00000000   Number         0  sys_command_hlt.o ABSOLUTE
    ../clib/angel/sysapp.c                   0x00000000   Number         0  sys_wrch.o ABSOLUTE
    ../clib/angel/sysapp.c                   0x00000000   Number         0  sys_wrch_hlt.o ABSOLUTE
    ../clib/armsys.c                         0x00000000   Number         0  argv_veneer.o ABSOLUTE
    ../clib/armsys.c                         0x00000000   Number         0  argv_veneer.o ABSOLUTE
    ../clib/armsys.c                         0x00000000   Number         0  _get_argv_nomalloc.o ABSOLUTE
    ../clib/armsys.c                         0x00000000   Number         0  no_argv.o ABSOLUTE
    ../clib/heapalloc.c                      0x00000000   Number         0  hrguard.o ABSOLUTE
    ../clib/heapaux.c                        0x00000000   Number         0  heapauxi.o ABSOLUTE
    ../clib/libinit.s                        0x00000000   Number         0  libinit.o ABSOLUTE
    ../clib/libinit.s                        0x00000000   Number         0  libinit2.o ABSOLUTE
    ../clib/libinit.s                        0x00000000   Number         0  libshutdown.o ABSOLUTE
    ../clib/libinit.s                        0x00000000   Number         0  libshutdown2.o ABSOLUTE
    ../clib/signal.c                         0x00000000   Number         0  defsig_rtmem_outer.o ABSOLUTE
    ../clib/signal.c                         0x00000000   Number         0  defsig_rtmem_formal.o ABSOLUTE
    ../clib/signal.c                         0x00000000   Number         0  defsig_exit.o ABSOLUTE
    ../clib/signal.c                         0x00000000   Number         0  defsig_rtmem_inner.o ABSOLUTE
    ../clib/signal.c                         0x00000000   Number         0  __raise.o ABSOLUTE
    ../clib/signal.c                         0x00000000   Number         0  defsig_general.o ABSOLUTE
    ../clib/signal.c                         0x00000000   Number         0  defsig_abrt_inner.o ABSOLUTE
    ../clib/signal.c                         0x00000000   Number         0  defsig_fpe_inner.o ABSOLUTE
    ../clib/signal.c                         0x00000000   Number         0  defsig_rtred_inner.o ABSOLUTE
    ../clib/signal.c                         0x00000000   Number         0  defsig_stak_inner.o ABSOLUTE
    ../clib/signal.c                         0x00000000   Number         0  defsig_pvfn_inner.o ABSOLUTE
    ../clib/signal.c                         0x00000000   Number         0  defsig_cppl_inner.o ABSOLUTE
    ../clib/signal.c                         0x00000000   Number         0  defsig_segv_inner.o ABSOLUTE
    ../clib/signal.c                         0x00000000   Number         0  defsig_other.o ABSOLUTE
    ../clib/signal.s                         0x00000000   Number         0  defsig.o ABSOLUTE
    ../clib/stdlib.c                         0x00000000   Number         0  exit.o ABSOLUTE
    ../fplib/fpinit.s                        0x00000000   Number         0  fpinit.o ABSOLUTE
    ../fplib/fpinit_empty.s                  0x00000000   Number         0  fpinit_empty.o ABSOLUTE
    ..\inc\BusyWait.s                        0x00000000   Number         0  busywait.o ABSOLUTE
    ..\inc\StringConversion.s                0x00000000   Number         0  stringconversion.o ABSOLUTE
    ADC.c                                    0x00000000   Number         0  adc.o ABSOLUTE
    DAC.c                                    0x00000000   Number         0  dac.o ABSOLUTE
    EdgeInterrupt.c                          0x00000000   Number         0  edgeinterrupt.o ABSOLUTE
    PLL.c                                    0x00000000   Number         0  pll.o ABSOLUTE
    ST7735.c                                 0x00000000   Number         0  st7735.o ABSOLUTE
    SoundFile.c                              0x00000000   Number         0  soundfile.o ABSOLUTE
    SpaceInvaders.c                          0x00000000   Number         0  spaceinvaders.o ABSOLUTE
    TExaS.c                                  0x00000000   Number         0  texas.o ABSOLUTE
    Timer0.c                                 0x00000000   Number         0  timer0.o ABSOLUTE
    Timer1.c                                 0x00000000   Number         0  timer1.o ABSOLUTE
    Timer2A.c                                0x00000000   Number         0  timer2a.o ABSOLUTE
    Timer3AInitialization.c                  0x00000000   Number         0  timer3ainitialization.o ABSOLUTE
    dc.s                                     0x00000000   Number         0  dc.o ABSOLUTE
    random.s                                 0x00000000   Number         0  random.o ABSOLUTE
    startup.s                                0x00000000   Number         0  startup.o ABSOLUTE
    wave.c                                   0x00000000   Number         0  wave.o ABSOLUTE
    RESET                                    0x00000000   Section      644  startup.o(RESET)
    !!!main                                  0x00000284   Section        8  __main.o(!!!main)
    !!!scatter                               0x0000028c   Section       52  __scatter.o(!!!scatter)
    !!handler_copy                           0x000002c0   Section       26  __scatter_copy.o(!!handler_copy)
    !!handler_zi                             0x000002dc   Section       28  __scatter_zi.o(!!handler_zi)
    .ARM.Collect$$libinit$$00000000          0x000002f8   Section        2  libinit.o(.ARM.Collect$$libinit$$00000000)
    .ARM.Collect$$libinit$$00000002          0x000002fa   Section        0  libinit2.o(.ARM.Collect$$libinit$$00000002)
    .ARM.Collect$$libinit$$00000004          0x000002fa   Section        0  libinit2.o(.ARM.Collect$$libinit$$00000004)
    .ARM.Collect$$libinit$$00000006          0x000002fa   Section        0  libinit2.o(.ARM.Collect$$libinit$$00000006)
    .ARM.Collect$$libinit$$0000000C          0x000002fa   Section        0  libinit2.o(.ARM.Collect$$libinit$$0000000C)
    .ARM.Collect$$libinit$$0000000E          0x000002fa   Section        0  libinit2.o(.ARM.Collect$$libinit$$0000000E)
    .ARM.Collect$$libinit$$00000010          0x000002fa   Section        0  libinit2.o(.ARM.Collect$$libinit$$00000010)
    .ARM.Collect$$libinit$$00000013          0x000002fa   Section        0  libinit2.o(.ARM.Collect$$libinit$$00000013)
    .ARM.Collect$$libinit$$00000015          0x000002fa   Section        0  libinit2.o(.ARM.Collect$$libinit$$00000015)
    .ARM.Collect$$libinit$$00000017          0x000002fa   Section        0  libinit2.o(.ARM.Collect$$libinit$$00000017)
    .ARM.Collect$$libinit$$00000019          0x000002fa   Section        0  libinit2.o(.ARM.Collect$$libinit$$00000019)
    .ARM.Collect$$libinit$$0000001B          0x000002fa   Section        0  libinit2.o(.ARM.Collect$$libinit$$0000001B)
    .ARM.Collect$$libinit$$0000001D          0x000002fa   Section        0  libinit2.o(.ARM.Collect$$libinit$$0000001D)
    .ARM.Collect$$libinit$$0000001F          0x000002fa   Section        0  libinit2.o(.ARM.Collect$$libinit$$0000001F)
    .ARM.Collect$$libinit$$00000021          0x000002fa   Section        0  libinit2.o(.ARM.Collect$$libinit$$00000021)
    .ARM.Collect$$libinit$$00000023          0x000002fa   Section        0  libinit2.o(.ARM.Collect$$libinit$$00000023)
    .ARM.Collect$$libinit$$00000025          0x000002fa   Section        0  libinit2.o(.ARM.Collect$$libinit$$00000025)
    .ARM.Collect$$libinit$$00000027          0x000002fa   Section        0  libinit2.o(.ARM.Collect$$libinit$$00000027)
    .ARM.Collect$$libinit$$0000002E          0x000002fa   Section        0  libinit2.o(.ARM.Collect$$libinit$$0000002E)
    .ARM.Collect$$libinit$$00000030          0x000002fa   Section        0  libinit2.o(.ARM.Collect$$libinit$$00000030)
    .ARM.Collect$$libinit$$00000032          0x000002fa   Section        0  libinit2.o(.ARM.Collect$$libinit$$00000032)
    .ARM.Collect$$libinit$$00000034          0x000002fa   Section        0  libinit2.o(.ARM.Collect$$libinit$$00000034)
    .ARM.Collect$$libinit$$00000035          0x000002fa   Section        2  libinit2.o(.ARM.Collect$$libinit$$00000035)
    .ARM.Collect$$libshutdown$$00000000      0x000002fc   Section        2  libshutdown.o(.ARM.Collect$$libshutdown$$00000000)
    .ARM.Collect$$libshutdown$$00000002      0x000002fe   Section        0  libshutdown2.o(.ARM.Collect$$libshutdown$$00000002)
    .ARM.Collect$$libshutdown$$00000004      0x000002fe   Section        0  libshutdown2.o(.ARM.Collect$$libshutdown$$00000004)
    .ARM.Collect$$libshutdown$$00000007      0x000002fe   Section        0  libshutdown2.o(.ARM.Collect$$libshutdown$$00000007)
    .ARM.Collect$$libshutdown$$0000000A      0x000002fe   Section        0  libshutdown2.o(.ARM.Collect$$libshutdown$$0000000A)
    .ARM.Collect$$libshutdown$$0000000C      0x000002fe   Section        0  libshutdown2.o(.ARM.Collect$$libshutdown$$0000000C)
    .ARM.Collect$$libshutdown$$0000000F      0x000002fe   Section        0  libshutdown2.o(.ARM.Collect$$libshutdown$$0000000F)
    .ARM.Collect$$libshutdown$$00000010      0x000002fe   Section        2  libshutdown2.o(.ARM.Collect$$libshutdown$$00000010)
    .ARM.Collect$$rtentry$$00000000          0x00000300   Section        0  __rtentry.o(.ARM.Collect$$rtentry$$00000000)
    .ARM.Collect$$rtentry$$00000002          0x00000300   Section        0  __rtentry2.o(.ARM.Collect$$rtentry$$00000002)
    .ARM.Collect$$rtentry$$00000004          0x00000300   Section        6  __rtentry4.o(.ARM.Collect$$rtentry$$00000004)
    .ARM.Collect$$rtentry$$00000009          0x00000306   Section        0  __rtentry2.o(.ARM.Collect$$rtentry$$00000009)
    .ARM.Collect$$rtentry$$0000000A          0x00000306   Section        4  __rtentry2.o(.ARM.Collect$$rtentry$$0000000A)
    .ARM.Collect$$rtentry$$0000000C          0x0000030a   Section        0  __rtentry2.o(.ARM.Collect$$rtentry$$0000000C)
    .ARM.Collect$$rtentry$$0000000D          0x0000030a   Section        8  __rtentry2.o(.ARM.Collect$$rtentry$$0000000D)
    .ARM.Collect$$rtexit$$00000000           0x00000312   Section        2  rtexit.o(.ARM.Collect$$rtexit$$00000000)
    .ARM.Collect$$rtexit$$00000002           0x00000314   Section        0  rtexit2.o(.ARM.Collect$$rtexit$$00000002)
    .ARM.Collect$$rtexit$$00000003           0x00000314   Section        4  rtexit2.o(.ARM.Collect$$rtexit$$00000003)
    .ARM.Collect$$rtexit$$00000004           0x00000318   Section        6  rtexit2.o(.ARM.Collect$$rtexit$$00000004)
    .text                                    0x00000320   Section       48  startup.o(.text)
    .text                                    0x00000350   Section       60  random.o(.text)
    .text                                    0x0000038c   Section       68  busywait.o(.text)
    .text                                    0x000003d0   Section      328  stringconversion.o(.text)
    .text                                    0x00000518   Section        0  heapauxi.o(.text)
    .text                                    0x0000051e   Section       74  sys_stackheap_outer.o(.text)
    .text                                    0x00000568   Section        0  exit.o(.text)
    .text                                    0x0000057c   Section        8  libspace.o(.text)
    .text                                    0x00000584   Section        0  sys_exit.o(.text)
    .text                                    0x00000590   Section        2  use_no_semi.o(.text)
    .text                                    0x00000592   Section        0  indicate_semi.o(.text)
    [Anonymous Symbol]                       0x00000594   Section        0  texas.o(.text.ADC1_Init)
    [Anonymous Symbol]                       0x00000690   Section        0  adc.o(.text.ADC_In)
    [Anonymous Symbol]                       0x000006d8   Section        0  adc.o(.text.ADC_Init)
    [Anonymous Symbol]                       0x000007d4   Section        0  spaceinvaders.o(.text.Attack)
    [Anonymous Symbol]                       0x00000850   Section        0  spaceinvaders.o(.text.CheckCollision)
    [Anonymous Symbol]                       0x00000a10   Section        0  spaceinvaders.o(.text.CheckCollision_2)
    [Anonymous Symbol]                       0x00000b60   Section        0  spaceinvaders.o(.text.Convert)
    [Anonymous Symbol]                       0x00000b88   Section        0  dac.o(.text.DAC_Init)
    [Anonymous Symbol]                       0x00000bd4   Section        0  dac.o(.text.DAC_Out)
    [Anonymous Symbol]                       0x00000be8   Section        0  st7735.o(.text.Delay1ms)
    [Anonymous Symbol]                       0x00000c18   Section        0  spaceinvaders.o(.text.GPIOPortE_Handler)
    [Anonymous Symbol]                       0x00000cf0   Section        0  spaceinvaders.o(.text.GameDraw)
    [Anonymous Symbol]                       0x00000f1c   Section        0  spaceinvaders.o(.text.GameInit)
    [Anonymous Symbol]                       0x0000115c   Section        0  spaceinvaders.o(.text.GameMove)
    [Anonymous Symbol]                       0x0000129c   Section        0  texas.o(.text.LogicAnalyzerA)
    [Anonymous Symbol]                       0x000012b8   Section        0  texas.o(.text.LogicAnalyzerB)
    [Anonymous Symbol]                       0x000012d4   Section        0  texas.o(.text.LogicAnalyzerC)
    [Anonymous Symbol]                       0x000012f0   Section        0  texas.o(.text.LogicAnalyzerE)
    [Anonymous Symbol]                       0x0000130c   Section        0  texas.o(.text.LogicAnalyzerF)
    [Anonymous Symbol]                       0x00001328   Section        0  st7735.o(.text.Output_Init)
    [Anonymous Symbol]                       0x00001338   Section        0  spaceinvaders.o(.text.OverLap)
    [Anonymous Symbol]                       0x000013d0   Section        0  pll.o(.text.PLL_Init)
    [Anonymous Symbol]                       0x0000145c   Section        0  texas.o(.text.PeriodicTask2_Init)
    [Anonymous Symbol]                       0x00001544   Section        0  edgeinterrupt.o(.text.PortE_Init)
    [Anonymous Symbol]                       0x0000160c   Section        0  timer1.o(.text.PortF_Init)
    [Anonymous Symbol]                       0x00001648   Section        0  st7735.o(.text.ST7735_DrawBitmap)
    [Anonymous Symbol]                       0x00001894   Section        0  st7735.o(.text.ST7735_DrawCharS)
    [Anonymous Symbol]                       0x00001a48   Section        0  st7735.o(.text.ST7735_DrawPixel)
    [Anonymous Symbol]                       0x00001ab8   Section        0  st7735.o(.text.ST7735_DrawString)
    [Anonymous Symbol]                       0x00001b54   Section        0  st7735.o(.text.ST7735_FillRect)
    [Anonymous Symbol]                       0x00001c94   Section        0  st7735.o(.text.ST7735_FillScreen)
    [Anonymous Symbol]                       0x00001cc8   Section        0  st7735.o(.text.ST7735_InitR)
    [Anonymous Symbol]                       0x00001d70   Section        0  st7735.o(.text.ST7735_OutChar)
    [Anonymous Symbol]                       0x00001e80   Section        0  spaceinvaders.o(.text.ST7735_OutPhrase)
    [Anonymous Symbol]                       0x00001eac   Section        0  st7735.o(.text.ST7735_OutString)
    [Anonymous Symbol]                       0x00001ed0   Section        0  st7735.o(.text.ST7735_OutUDec)
    [Anonymous Symbol]                       0x00001f88   Section        0  st7735.o(.text.ST7735_SetCursor)
    [Anonymous Symbol]                       0x00001fc0   Section        0  texas.o(.text.Scope)
    [Anonymous Symbol]                       0x00001fd8   Section        0  spaceinvaders.o(.text.ShowFirstScreen)
    [Anonymous Symbol]                       0x0000202c   Section        0  soundfile.o(.text.Sound_Init)
    [Anonymous Symbol]                       0x0000204c   Section        0  soundfile.o(.text.Sound_Start)
    [Anonymous Symbol]                       0x00002070   Section        0  spaceinvaders.o(.text.StringCenterX)
    [Anonymous Symbol]                       0x000020d0   Section        0  soundfile.o(.text.SysTick_Handler)
    [Anonymous Symbol]                       0x000021f4   Section        0  texas.o(.text.TExaS_Init)
    [Anonymous Symbol]                       0x0000235c   Section        0  spaceinvaders.o(.text.Timer1A_Handler)
    [Anonymous Symbol]                       0x00002398   Section        0  timer1.o(.text.Timer1_Init)
    [Anonymous Symbol]                       0x00002430   Section        0  wave.o(.text.Timer2A_Handler)
    [Anonymous Symbol]                       0x00002440   Section        0  spaceinvaders.o(.text.Timer3A_Handler)
    [Anonymous Symbol]                       0x0000249c   Section        0  timer3ainitialization.o(.text.Timer3A_Init)
    [Anonymous Symbol]                       0x00002530   Section        0  texas.o(.text.Timer5A_Handler)
    [Anonymous Symbol]                       0x0000254c   Section        0  texas.o(.text.UART0_Init)
    [Anonymous Symbol]                       0x000025ec   Section        0  spaceinvaders.o(.text.checkIfHitEnemyOrBackWall)
    [Anonymous Symbol]                       0x0000262c   Section        0  spaceinvaders.o(.text.checkLoss)
    commandList                              0x00002695   Thumb Code   170  st7735.o(.text.commandList)
    [Anonymous Symbol]                       0x00002694   Section        0  st7735.o(.text.commandList)
    commonInit                               0x00002741   Thumb Code   418  st7735.o(.text.commonInit)
    [Anonymous Symbol]                       0x00002740   Section        0  st7735.o(.text.commonInit)
    [Anonymous Symbol]                       0x000028e4   Section        0  spaceinvaders.o(.text.main)
    pushColor                                0x00002cb5   Thumb Code    28  st7735.o(.text.pushColor)
    [Anonymous Symbol]                       0x00002cb4   Section        0  st7735.o(.text.pushColor)
    setAddrWindow                            0x00002cd1   Thumb Code   148  st7735.o(.text.setAddrWindow)
    [Anonymous Symbol]                       0x00002cd0   Section        0  st7735.o(.text.setAddrWindow)
    [Anonymous Symbol]                       0x00002d64   Section        0  spaceinvaders.o(.text.shootBullet)
    [Anonymous Symbol]                       0x00002e28   Section        0  st7735.o(.text.writecommand)
    [Anonymous Symbol]                       0x00002e54   Section        0  st7735.o(.text.writedata)
    Font                                     0x0000301a   Data        1275  st7735.o(.rodata.Font)
    [Anonymous Symbol]                       0x0000301a   Section        0  st7735.o(.rodata.Font)
    Rcmd1                                    0x0000368c   Data          59  st7735.o(.rodata.Rcmd1)
    [Anonymous Symbol]                       0x0000368c   Section        0  st7735.o(.rodata.Rcmd1)
    Rcmd2green                               0x000036c7   Data          13  st7735.o(.rodata.Rcmd2green)
    [Anonymous Symbol]                       0x000036c7   Section        0  st7735.o(.rodata.Rcmd2green)
    Rcmd2red                                 0x000036d4   Data          13  st7735.o(.rodata.Rcmd2red)
    [Anonymous Symbol]                       0x000036d4   Section        0  st7735.o(.rodata.Rcmd2red)
    Rcmd3                                    0x000036e1   Data          43  st7735.o(.rodata.Rcmd3)
    [Anonymous Symbol]                       0x000036e1   Section        0  st7735.o(.rodata.Rcmd3)
    .L.str                                   0x00005595   Data          10  spaceinvaders.o(.rodata.str1.1)
    .L.str.9                                 0x00005595   Data          10  spaceinvaders.o(.rodata.str1.1)
    [Anonymous Symbol]                       0x00005595   Section        0  spaceinvaders.o(.rodata.str1.1)
    .L.str.1                                 0x0000559f   Data          10  spaceinvaders.o(.rodata.str1.1)
    .L.str.4                                 0x0000559f   Data           8  spaceinvaders.o(.rodata.str1.1)
    .L.str.12                                0x000055a7   Data           9  spaceinvaders.o(.rodata.str1.1)
    .L.str.2                                 0x000055a9   Data          11  spaceinvaders.o(.rodata.str1.1)
    .L.str.7                                 0x000055b0   Data          11  spaceinvaders.o(.rodata.str1.1)
    .L.str.6                                 0x000055bb   Data          10  spaceinvaders.o(.rodata.str1.1)
    .L.str.10                                0x000055c5   Data          11  spaceinvaders.o(.rodata.str1.1)
    .L.str.11                                0x000055d0   Data          13  spaceinvaders.o(.rodata.str1.1)
    .L.str.5                                 0x000055dd   Data           2  spaceinvaders.o(.rodata.str1.1)
    .L.str.13                                0x000055df   Data          17  spaceinvaders.o(.rodata.str1.1)
    .L.str.14                                0x000055f0   Data          15  spaceinvaders.o(.rodata.str1.1)
    .L.str.3                                 0x000055ff   Data          12  spaceinvaders.o(.rodata.str1.1)
    .L.str.8                                 0x0000560b   Data          14  spaceinvaders.o(.rodata.str1.1)
    .L.str                                   0x00005619   Data          22  st7735.o(.rodata.str1.1)
    [Anonymous Symbol]                       0x00005619   Section        0  st7735.o(.rodata.str1.1)
    _height                                  0x20000032   Data           2  st7735.o(.data._height)
    [Anonymous Symbol]                       0x20000032   Section        0  st7735.o(.data._height)
    _width                                   0x20000034   Data           2  st7735.o(.data._width)
    [Anonymous Symbol]                       0x20000034   Section        0  st7735.o(.data._width)
    M                                        0x2000003c   Data           4  random.o(DATA)
    DATA                                     0x2000003c   Section        4  random.o(DATA)
    .bss                                     0x20000040   Section       96  libspace.o(.bss)
    ColStart                                 0x200000a8   Data           1  st7735.o(.bss.ColStart)
    [Anonymous Symbol]                       0x200000a8   Section        0  st7735.o(.bss.ColStart)
    RowStart                                 0x2000060c   Data           1  st7735.o(.bss.RowStart)
    [Anonymous Symbol]                       0x2000060c   Section        0  st7735.o(.bss.RowStart)
    TabColor                                 0x20000c64   Data           1  st7735.o(.bss.TabColor)
    [Anonymous Symbol]                       0x20000c64   Section        0  st7735.o(.bss.TabColor)
    HeapMem                                  0x20000ca0   Data           0  startup.o(HEAP)
    StackMem                                 0x20000ca0   Data           0  startup.o(STACK)
    HEAP                                     0x20000ca0   Section        0  startup.o(HEAP)
    STACK                                    0x20000ca0   Section     1024  startup.o(STACK)

    Global Symbols

    Symbol Name                              Value     Ov Type        Size  Object(Section)

    BuildAttributes$$THM_ISAv4$E$P$D$K$B$S$7EM$PE$A:L22UL41UL21$X:L11$S22US41US21$IEEE1$IW$~IW$USESV6$~STKCKD$USESV7$~SHL$OSPACE$ROPI$EBA8$UX$STANDARDLIB$REQ8$PRES8$EABIv2 0x00000000   Number         0  anon$$obj.o ABSOLUTE
    __Vectors                                0x00000000   Data           0  startup.o(RESET)
    __fp_init_empty                          0x00000000   Number         0  fpinit_empty.o ABSOLUTE
    __ARM_exceptions_init                     - Undefined Weak Reference
    __alloca_initialize                       - Undefined Weak Reference
    __arm_preinit_                            - Undefined Weak Reference
    __arm_relocate_pie_                       - Undefined Weak Reference
    __cpp_initialize__aeabi_                  - Undefined Weak Reference
    __cxa_finalize                            - Undefined Weak Reference
    __rt_locale                               - Undefined Weak Reference
    __sigvec_lookup                           - Undefined Weak Reference
    _atexit_init                              - Undefined Weak Reference
    _call_atexit_fns                          - Undefined Weak Reference
    _clock_init                               - Undefined Weak Reference
    _fp_trap_init                             - Undefined Weak Reference
    _fp_trap_shutdown                         - Undefined Weak Reference
    _get_lc_collate                           - Undefined Weak Reference
    _get_lc_ctype                             - Undefined Weak Reference
    _get_lc_monetary                          - Undefined Weak Reference
    _get_lc_numeric                           - Undefined Weak Reference
    _get_lc_time                              - Undefined Weak Reference
    _getenv_init                              - Undefined Weak Reference
    _handle_redirection                       - Undefined Weak Reference
    _init_alloc                               - Undefined Weak Reference
    _init_user_alloc                          - Undefined Weak Reference
    _initio                                   - Undefined Weak Reference
    _rand_init                                - Undefined Weak Reference
    _signal_finish                            - Undefined Weak Reference
    _signal_init                              - Undefined Weak Reference
    _terminate_alloc                          - Undefined Weak Reference
    _terminate_user_alloc                     - Undefined Weak Reference
    _terminateio                              - Undefined Weak Reference
    Reset_Handler                            0x0000026d   Thumb Code     0  startup.o(RESET)
    NMI_Handler                              0x00000271   Thumb Code     2  startup.o(RESET)
    HardFault_Handler                        0x00000273   Thumb Code     2  startup.o(RESET)
    MemManage_Handler                        0x00000275   Thumb Code     2  startup.o(RESET)
    BusFault_Handler                         0x00000277   Thumb Code     2  startup.o(RESET)
    UsageFault_Handler                       0x00000279   Thumb Code     2  startup.o(RESET)
    SVC_Handler                              0x0000027b   Thumb Code     2  startup.o(RESET)
    DebugMon_Handler                         0x0000027d   Thumb Code     2  startup.o(RESET)
    PendSV_Handler                           0x0000027f   Thumb Code     2  startup.o(RESET)
    ADC0Seq0_Handler                         0x00000283   Thumb Code     0  startup.o(RESET)
    ADC0Seq1_Handler                         0x00000283   Thumb Code     0  startup.o(RESET)
    ADC0Seq2_Handler                         0x00000283   Thumb Code     0  startup.o(RESET)
    ADC0Seq3_Handler                         0x00000283   Thumb Code     0  startup.o(RESET)
    ADC1Seq0_Handler                         0x00000283   Thumb Code     0  startup.o(RESET)
    ADC1Seq1_Handler                         0x00000283   Thumb Code     0  startup.o(RESET)
    ADC1Seq2_Handler                         0x00000283   Thumb Code     0  startup.o(RESET)
    ADC1Seq3_Handler                         0x00000283   Thumb Code     0  startup.o(RESET)
    CAN0_Handler                             0x00000283   Thumb Code     0  startup.o(RESET)
    CAN1_Handler                             0x00000283   Thumb Code     0  startup.o(RESET)
    CAN2_Handler                             0x00000283   Thumb Code     0  startup.o(RESET)
    Comp0_Handler                            0x00000283   Thumb Code     0  startup.o(RESET)
    Comp1_Handler                            0x00000283   Thumb Code     0  startup.o(RESET)
    Comp2_Handler                            0x00000283   Thumb Code     0  startup.o(RESET)
    Ethernet_Handler                         0x00000283   Thumb Code     0  startup.o(RESET)
    ExtBus_Handler                           0x00000283   Thumb Code     0  startup.o(RESET)
    FPU_Handler                              0x00000283   Thumb Code     0  startup.o(RESET)
    Fan0_Handler                             0x00000283   Thumb Code     0  startup.o(RESET)
    FlashCtl_Handler                         0x00000283   Thumb Code     0  startup.o(RESET)
    GPIOPortA_Handler                        0x00000283   Thumb Code     0  startup.o(RESET)
    GPIOPortB_Handler                        0x00000283   Thumb Code     0  startup.o(RESET)
    GPIOPortC_Handler                        0x00000283   Thumb Code     0  startup.o(RESET)
    GPIOPortD_Handler                        0x00000283   Thumb Code     0  startup.o(RESET)
    GPIOPortF_Handler                        0x00000283   Thumb Code     0  startup.o(RESET)
    GPIOPortG_Handler                        0x00000283   Thumb Code     0  startup.o(RESET)
    GPIOPortH_Handler                        0x00000283   Thumb Code     0  startup.o(RESET)
    GPIOPortJ_Handler                        0x00000283   Thumb Code     0  startup.o(RESET)
    GPIOPortK_Handler                        0x00000283   Thumb Code     0  startup.o(RESET)
    GPIOPortL_Handler                        0x00000283   Thumb Code     0  startup.o(RESET)
    GPIOPortM_Handler                        0x00000283   Thumb Code     0  startup.o(RESET)
    GPIOPortN_Handler                        0x00000283   Thumb Code     0  startup.o(RESET)
    GPIOPortP1_Handler                       0x00000283   Thumb Code     0  startup.o(RESET)
    GPIOPortP2_Handler                       0x00000283   Thumb Code     0  startup.o(RESET)
    GPIOPortP3_Handler                       0x00000283   Thumb Code     0  startup.o(RESET)
    GPIOPortP4_Handler                       0x00000283   Thumb Code     0  startup.o(RESET)
    GPIOPortP5_Handler                       0x00000283   Thumb Code     0  startup.o(RESET)
    GPIOPortP6_Handler                       0x00000283   Thumb Code     0  startup.o(RESET)
    GPIOPortP7_Handler                       0x00000283   Thumb Code     0  startup.o(RESET)
    GPIOPortP_Handler                        0x00000283   Thumb Code     0  startup.o(RESET)
    GPIOPortQ1_Handler                       0x00000283   Thumb Code     0  startup.o(RESET)
    GPIOPortQ2_Handler                       0x00000283   Thumb Code     0  startup.o(RESET)
    GPIOPortQ3_Handler                       0x00000283   Thumb Code     0  startup.o(RESET)
    GPIOPortQ4_Handler                       0x00000283   Thumb Code     0  startup.o(RESET)
    GPIOPortQ5_Handler                       0x00000283   Thumb Code     0  startup.o(RESET)
    GPIOPortQ6_Handler                       0x00000283   Thumb Code     0  startup.o(RESET)
    GPIOPortQ7_Handler                       0x00000283   Thumb Code     0  startup.o(RESET)
    GPIOPortQ_Handler                        0x00000283   Thumb Code     0  startup.o(RESET)
    GPIOPortR_Handler                        0x00000283   Thumb Code     0  startup.o(RESET)
    GPIOPortS_Handler                        0x00000283   Thumb Code     0  startup.o(RESET)
    Hibernate_Handler                        0x00000283   Thumb Code     0  startup.o(RESET)
    I2C0_Handler                             0x00000283   Thumb Code     0  startup.o(RESET)
    I2C1_Handler                             0x00000283   Thumb Code     0  startup.o(RESET)
    I2C2_Handler                             0x00000283   Thumb Code     0  startup.o(RESET)
    I2C3_Handler                             0x00000283   Thumb Code     0  startup.o(RESET)
    I2C4_Handler                             0x00000283   Thumb Code     0  startup.o(RESET)
    I2C5_Handler                             0x00000283   Thumb Code     0  startup.o(RESET)
    I2S0_Handler                             0x00000283   Thumb Code     0  startup.o(RESET)
    LPC0_Handler                             0x00000283   Thumb Code     0  startup.o(RESET)
    PECI0_Handler                            0x00000283   Thumb Code     0  startup.o(RESET)
    PWM0Fault_Handler                        0x00000283   Thumb Code     0  startup.o(RESET)
    PWM0Generator0_Handler                   0x00000283   Thumb Code     0  startup.o(RESET)
    PWM0Generator1_Handler                   0x00000283   Thumb Code     0  startup.o(RESET)
    PWM0Generator2_Handler                   0x00000283   Thumb Code     0  startup.o(RESET)
    PWM0Generator3_Handler                   0x00000283   Thumb Code     0  startup.o(RESET)
    PWM1Fault_Handler                        0x00000283   Thumb Code     0  startup.o(RESET)
    PWM1Generator0_Handler                   0x00000283   Thumb Code     0  startup.o(RESET)
    PWM1Generator1_Handler                   0x00000283   Thumb Code     0  startup.o(RESET)
    PWM1Generator2_Handler                   0x00000283   Thumb Code     0  startup.o(RESET)
    PWM1Generator3_Handler                   0x00000283   Thumb Code     0  startup.o(RESET)
    Quadrature0_Handler                      0x00000283   Thumb Code     0  startup.o(RESET)
    Quadrature1_Handler                      0x00000283   Thumb Code     0  startup.o(RESET)
    Quadrature2_Handler                      0x00000283   Thumb Code     0  startup.o(RESET)
    SSI0_Handler                             0x00000283   Thumb Code     0  startup.o(RESET)
    SSI1_Handler                             0x00000283   Thumb Code     0  startup.o(RESET)
    SSI2_Handler                             0x00000283   Thumb Code     0  startup.o(RESET)
    SSI3_Handler                             0x00000283   Thumb Code     0  startup.o(RESET)
    SysCtl_Handler                           0x00000283   Thumb Code     0  startup.o(RESET)
    Timer0A_Handler                          0x00000283   Thumb Code     0  startup.o(RESET)
    Timer0B_Handler                          0x00000283   Thumb Code     0  startup.o(RESET)
    Timer1B_Handler                          0x00000283   Thumb Code     0  startup.o(RESET)
    Timer2B_Handler                          0x00000283   Thumb Code     0  startup.o(RESET)
    Timer3B_Handler                          0x00000283   Thumb Code     0  startup.o(RESET)
    Timer4A_Handler                          0x00000283   Thumb Code     0  startup.o(RESET)
    Timer4B_Handler                          0x00000283   Thumb Code     0  startup.o(RESET)
    Timer5B_Handler                          0x00000283   Thumb Code     0  startup.o(RESET)
    UART0_Handler                            0x00000283   Thumb Code     0  startup.o(RESET)
    UART1_Handler                            0x00000283   Thumb Code     0  startup.o(RESET)
    UART2_Handler                            0x00000283   Thumb Code     0  startup.o(RESET)
    UART3_Handler                            0x00000283   Thumb Code     0  startup.o(RESET)
    UART4_Handler                            0x00000283   Thumb Code     0  startup.o(RESET)
    UART5_Handler                            0x00000283   Thumb Code     0  startup.o(RESET)
    UART6_Handler                            0x00000283   Thumb Code     0  startup.o(RESET)
    UART7_Handler                            0x00000283   Thumb Code     0  startup.o(RESET)
    USB0_Handler                             0x00000283   Thumb Code     0  startup.o(RESET)
    WDT_Handler                              0x00000283   Thumb Code     0  startup.o(RESET)
    WideTimer0A_Handler                      0x00000283   Thumb Code     0  startup.o(RESET)
    WideTimer0B_Handler                      0x00000283   Thumb Code     0  startup.o(RESET)
    WideTimer1A_Handler                      0x00000283   Thumb Code     0  startup.o(RESET)
    WideTimer1B_Handler                      0x00000283   Thumb Code     0  startup.o(RESET)
    WideTimer2A_Handler                      0x00000283   Thumb Code     0  startup.o(RESET)
    WideTimer2B_Handler                      0x00000283   Thumb Code     0  startup.o(RESET)
    WideTimer3A_Handler                      0x00000283   Thumb Code     0  startup.o(RESET)
    WideTimer3B_Handler                      0x00000283   Thumb Code     0  startup.o(RESET)
    WideTimer4A_Handler                      0x00000283   Thumb Code     0  startup.o(RESET)
    WideTimer4B_Handler                      0x00000283   Thumb Code     0  startup.o(RESET)
    WideTimer5A_Handler                      0x00000283   Thumb Code     0  startup.o(RESET)
    WideTimer5B_Handler                      0x00000283   Thumb Code     0  startup.o(RESET)
    uDMA_Error                               0x00000283   Thumb Code     0  startup.o(RESET)
    uDMA_Handler                             0x00000283   Thumb Code     0  startup.o(RESET)
    __main                                   0x00000285   Thumb Code     8  __main.o(!!!main)
    __scatterload                            0x0000028d   Thumb Code     0  __scatter.o(!!!scatter)
    __scatterload_rt2                        0x0000028d   Thumb Code    44  __scatter.o(!!!scatter)
    __scatterload_rt2_thumb_only             0x0000028d   Thumb Code     0  __scatter.o(!!!scatter)
    __scatterload_null                       0x0000029b   Thumb Code     0  __scatter.o(!!!scatter)
    __scatterload_copy                       0x000002c1   Thumb Code    26  __scatter_copy.o(!!handler_copy)
    __scatterload_zeroinit                   0x000002dd   Thumb Code    28  __scatter_zi.o(!!handler_zi)
    __rt_lib_init                            0x000002f9   Thumb Code     0  libinit.o(.ARM.Collect$$libinit$$00000000)
    __rt_lib_init_alloca_1                   0x000002fb   Thumb Code     0  libinit2.o(.ARM.Collect$$libinit$$00000030)
    __rt_lib_init_argv_1                     0x000002fb   Thumb Code     0  libinit2.o(.ARM.Collect$$libinit$$0000002E)
    __rt_lib_init_atexit_1                   0x000002fb   Thumb Code     0  libinit2.o(.ARM.Collect$$libinit$$0000001D)
    __rt_lib_init_clock_1                    0x000002fb   Thumb Code     0  libinit2.o(.ARM.Collect$$libinit$$00000023)
    __rt_lib_init_cpp_1                      0x000002fb   Thumb Code     0  libinit2.o(.ARM.Collect$$libinit$$00000034)
    __rt_lib_init_exceptions_1               0x000002fb   Thumb Code     0  libinit2.o(.ARM.Collect$$libinit$$00000032)
    __rt_lib_init_fp_1                       0x000002fb   Thumb Code     0  libinit2.o(.ARM.Collect$$libinit$$00000002)
    __rt_lib_init_fp_trap_1                  0x000002fb   Thumb Code     0  libinit2.o(.ARM.Collect$$libinit$$00000021)
    __rt_lib_init_getenv_1                   0x000002fb   Thumb Code     0  libinit2.o(.ARM.Collect$$libinit$$00000025)
    __rt_lib_init_heap_1                     0x000002fb   Thumb Code     0  libinit2.o(.ARM.Collect$$libinit$$0000000C)
    __rt_lib_init_lc_collate_1               0x000002fb   Thumb Code     0  libinit2.o(.ARM.Collect$$libinit$$00000013)
    __rt_lib_init_lc_ctype_1                 0x000002fb   Thumb Code     0  libinit2.o(.ARM.Collect$$libinit$$00000015)
    __rt_lib_init_lc_monetary_1              0x000002fb   Thumb Code     0  libinit2.o(.ARM.Collect$$libinit$$00000017)
    __rt_lib_init_lc_numeric_1               0x000002fb   Thumb Code     0  libinit2.o(.ARM.Collect$$libinit$$00000019)
    __rt_lib_init_lc_time_1                  0x000002fb   Thumb Code     0  libinit2.o(.ARM.Collect$$libinit$$0000001B)
    __rt_lib_init_preinit_1                  0x000002fb   Thumb Code     0  libinit2.o(.ARM.Collect$$libinit$$00000006)
    __rt_lib_init_rand_1                     0x000002fb   Thumb Code     0  libinit2.o(.ARM.Collect$$libinit$$00000010)
    __rt_lib_init_relocate_pie_1             0x000002fb   Thumb Code     0  libinit2.o(.ARM.Collect$$libinit$$00000004)
    __rt_lib_init_return                     0x000002fb   Thumb Code     0  libinit2.o(.ARM.Collect$$libinit$$00000035)
    __rt_lib_init_signal_1                   0x000002fb   Thumb Code     0  libinit2.o(.ARM.Collect$$libinit$$0000001F)
    __rt_lib_init_stdio_1                    0x000002fb   Thumb Code     0  libinit2.o(.ARM.Collect$$libinit$$00000027)
    __rt_lib_init_user_alloc_1               0x000002fb   Thumb Code     0  libinit2.o(.ARM.Collect$$libinit$$0000000E)
    __rt_lib_shutdown                        0x000002fd   Thumb Code     0  libshutdown.o(.ARM.Collect$$libshutdown$$00000000)
    __rt_lib_shutdown_cpp_1                  0x000002ff   Thumb Code     0  libshutdown2.o(.ARM.Collect$$libshutdown$$00000002)
    __rt_lib_shutdown_fp_trap_1              0x000002ff   Thumb Code     0  libshutdown2.o(.ARM.Collect$$libshutdown$$00000007)
    __rt_lib_shutdown_heap_1                 0x000002ff   Thumb Code     0  libshutdown2.o(.ARM.Collect$$libshutdown$$0000000F)
    __rt_lib_shutdown_return                 0x000002ff   Thumb Code     0  libshutdown2.o(.ARM.Collect$$libshutdown$$00000010)
    __rt_lib_shutdown_signal_1               0x000002ff   Thumb Code     0  libshutdown2.o(.ARM.Collect$$libshutdown$$0000000A)
    __rt_lib_shutdown_stdio_1                0x000002ff   Thumb Code     0  libshutdown2.o(.ARM.Collect$$libshutdown$$00000004)
    __rt_lib_shutdown_user_alloc_1           0x000002ff   Thumb Code     0  libshutdown2.o(.ARM.Collect$$libshutdown$$0000000C)
    __rt_entry                               0x00000301   Thumb Code     0  __rtentry.o(.ARM.Collect$$rtentry$$00000000)
    __rt_entry_presh_1                       0x00000301   Thumb Code     0  __rtentry2.o(.ARM.Collect$$rtentry$$00000002)
    __rt_entry_sh                            0x00000301   Thumb Code     0  __rtentry4.o(.ARM.Collect$$rtentry$$00000004)
    __rt_entry_li                            0x00000307   Thumb Code     0  __rtentry2.o(.ARM.Collect$$rtentry$$0000000A)
    __rt_entry_postsh_1                      0x00000307   Thumb Code     0  __rtentry2.o(.ARM.Collect$$rtentry$$00000009)
    __rt_entry_main                          0x0000030b   Thumb Code     0  __rtentry2.o(.ARM.Collect$$rtentry$$0000000D)
    __rt_entry_postli_1                      0x0000030b   Thumb Code     0  __rtentry2.o(.ARM.Collect$$rtentry$$0000000C)
    __rt_exit                                0x00000313   Thumb Code     0  rtexit.o(.ARM.Collect$$rtexit$$00000000)
    __rt_exit_ls                             0x00000315   Thumb Code     0  rtexit2.o(.ARM.Collect$$rtexit$$00000003)
    __rt_exit_prels_1                        0x00000315   Thumb Code     0  rtexit2.o(.ARM.Collect$$rtexit$$00000002)
    __rt_exit_exit                           0x00000319   Thumb Code     0  rtexit2.o(.ARM.Collect$$rtexit$$00000004)
    DisableInterrupts                        0x00000321   Thumb Code     0  startup.o(.text)
    EnableInterrupts                         0x00000325   Thumb Code     0  startup.o(.text)
    StartCritical                            0x00000329   Thumb Code     0  startup.o(.text)
    EndCritical                              0x00000331   Thumb Code     0  startup.o(.text)
    WaitForInterrupt                         0x00000337   Thumb Code     0  startup.o(.text)
    __user_initial_stackheap                 0x0000033b   Thumb Code     0  startup.o(.text)
    Random_Init                              0x00000351   Thumb Code     0  random.o(.text)
    Random32                                 0x00000357   Thumb Code     2  random.o(.text)
    Random                                   0x00000369   Thumb Code     2  random.o(.text)
    SPIOutCommand                            0x0000038d   Thumb Code     0  busywait.o(.text)
    SPIOutData                               0x000003b3   Thumb Code     0  busywait.o(.text)
    Dec2String                               0x000003d1   Thumb Code     0  stringconversion.o(.text)
    Fix2String                               0x00000451   Thumb Code     0  stringconversion.o(.text)
    __use_two_region_memory                  0x00000519   Thumb Code     2  heapauxi.o(.text)
    __rt_heap_escrow$2region                 0x0000051b   Thumb Code     2  heapauxi.o(.text)
    __rt_heap_expand$2region                 0x0000051d   Thumb Code     2  heapauxi.o(.text)
    __user_setup_stackheap                   0x0000051f   Thumb Code    74  sys_stackheap_outer.o(.text)
    exit                                     0x00000569   Thumb Code    18  exit.o(.text)
    __user_libspace                          0x0000057d   Thumb Code     8  libspace.o(.text)
    __user_perproc_libspace                  0x0000057d   Thumb Code     0  libspace.o(.text)
    __user_perthread_libspace                0x0000057d   Thumb Code     0  libspace.o(.text)
    _sys_exit                                0x00000585   Thumb Code     8  sys_exit.o(.text)
    __I$use$semihosting                      0x00000591   Thumb Code     0  use_no_semi.o(.text)
    __use_no_semihosting_swi                 0x00000591   Thumb Code     2  use_no_semi.o(.text)
    __semihosting_library_function           0x00000593   Thumb Code     0  indicate_semi.o(.text)
    ADC1_Init                                0x00000595   Thumb Code   252  texas.o(.text.ADC1_Init)
    ADC_In                                   0x00000691   Thumb Code    70  adc.o(.text.ADC_In)
    ADC_Init                                 0x000006d9   Thumb Code   252  adc.o(.text.ADC_Init)
    Attack                                   0x000007d5   Thumb Code   124  spaceinvaders.o(.text.Attack)
    CheckCollision                           0x00000851   Thumb Code   446  spaceinvaders.o(.text.CheckCollision)
    CheckCollision_2                         0x00000a11   Thumb Code   334  spaceinvaders.o(.text.CheckCollision_2)
    Convert                                  0x00000b61   Thumb Code    40  spaceinvaders.o(.text.Convert)
    DAC_Init                                 0x00000b89   Thumb Code    74  dac.o(.text.DAC_Init)
    DAC_Out                                  0x00000bd5   Thumb Code    20  dac.o(.text.DAC_Out)
    Delay1ms                                 0x00000be9   Thumb Code    46  st7735.o(.text.Delay1ms)
    GPIOPortE_Handler                        0x00000c19   Thumb Code   214  spaceinvaders.o(.text.GPIOPortE_Handler)
    GameDraw                                 0x00000cf1   Thumb Code   554  spaceinvaders.o(.text.GameDraw)
    GameInit                                 0x00000f1d   Thumb Code   574  spaceinvaders.o(.text.GameInit)
    GameMove                                 0x0000115d   Thumb Code   320  spaceinvaders.o(.text.GameMove)
    LogicAnalyzerA                           0x0000129d   Thumb Code    28  texas.o(.text.LogicAnalyzerA)
    LogicAnalyzerB                           0x000012b9   Thumb Code    26  texas.o(.text.LogicAnalyzerB)
    LogicAnalyzerC                           0x000012d5   Thumb Code    28  texas.o(.text.LogicAnalyzerC)
    LogicAnalyzerE                           0x000012f1   Thumb Code    26  texas.o(.text.LogicAnalyzerE)
    LogicAnalyzerF                           0x0000130d   Thumb Code    26  texas.o(.text.LogicAnalyzerF)
    Output_Init                              0x00001329   Thumb Code    16  st7735.o(.text.Output_Init)
    OverLap                                  0x00001339   Thumb Code   150  spaceinvaders.o(.text.OverLap)
    PLL_Init                                 0x000013d1   Thumb Code   138  pll.o(.text.PLL_Init)
    PeriodicTask2_Init                       0x0000145d   Thumb Code   232  texas.o(.text.PeriodicTask2_Init)
    PortE_Init                               0x00001545   Thumb Code   198  edgeinterrupt.o(.text.PortE_Init)
    PortF_Init                               0x0000160d   Thumb Code    58  timer1.o(.text.PortF_Init)
    ST7735_DrawBitmap                        0x00001649   Thumb Code   588  st7735.o(.text.ST7735_DrawBitmap)
    ST7735_DrawCharS                         0x00001895   Thumb Code   436  st7735.o(.text.ST7735_DrawCharS)
    ST7735_DrawPixel                         0x00001a49   Thumb Code   112  st7735.o(.text.ST7735_DrawPixel)
    ST7735_DrawString                        0x00001ab9   Thumb Code   154  st7735.o(.text.ST7735_DrawString)
    ST7735_FillRect                          0x00001b55   Thumb Code   318  st7735.o(.text.ST7735_FillRect)
    ST7735_FillScreen                        0x00001c95   Thumb Code    52  st7735.o(.text.ST7735_FillScreen)
    ST7735_InitR                             0x00001cc9   Thumb Code   166  st7735.o(.text.ST7735_InitR)
    ST7735_OutChar                           0x00001d71   Thumb Code   270  st7735.o(.text.ST7735_OutChar)
    ST7735_OutPhrase                         0x00001e81   Thumb Code    44  spaceinvaders.o(.text.ST7735_OutPhrase)
    ST7735_OutString                         0x00001ead   Thumb Code    36  st7735.o(.text.ST7735_OutString)
    ST7735_OutUDec                           0x00001ed1   Thumb Code   184  st7735.o(.text.ST7735_OutUDec)
    ST7735_SetCursor                         0x00001f89   Thumb Code    54  st7735.o(.text.ST7735_SetCursor)
    Scope                                    0x00001fc1   Thumb Code    24  texas.o(.text.Scope)
    ShowFirstScreen                          0x00001fd9   Thumb Code    82  spaceinvaders.o(.text.ShowFirstScreen)
    Sound_Init                               0x0000202d   Thumb Code    30  soundfile.o(.text.Sound_Init)
    Sound_Start                              0x0000204d   Thumb Code    34  soundfile.o(.text.Sound_Start)
    StringCenterX                            0x00002071   Thumb Code    94  spaceinvaders.o(.text.StringCenterX)
    SysTick_Handler                          0x000020d1   Thumb Code   290  soundfile.o(.text.SysTick_Handler)
    TExaS_Init                               0x000021f5   Thumb Code   360  texas.o(.text.TExaS_Init)
    Timer1A_Handler                          0x0000235d   Thumb Code    58  spaceinvaders.o(.text.Timer1A_Handler)
    Timer1_Init                              0x00002399   Thumb Code   150  timer1.o(.text.Timer1_Init)
    Timer2A_Handler                          0x00002431   Thumb Code    14  wave.o(.text.Timer2A_Handler)
    Timer3A_Handler                          0x00002441   Thumb Code    90  spaceinvaders.o(.text.Timer3A_Handler)
    Timer3A_Init                             0x0000249d   Thumb Code   148  timer3ainitialization.o(.text.Timer3A_Init)
    Timer5A_Handler                          0x00002531   Thumb Code    28  texas.o(.text.Timer5A_Handler)
    UART0_Init                               0x0000254d   Thumb Code   160  texas.o(.text.UART0_Init)
    checkIfHitEnemyOrBackWall                0x000025ed   Thumb Code    62  spaceinvaders.o(.text.checkIfHitEnemyOrBackWall)
    checkLoss                                0x0000262d   Thumb Code   104  spaceinvaders.o(.text.checkLoss)
    main                                     0x000028e5   Thumb Code   976  spaceinvaders.o(.text.main)
    shootBullet                              0x00002d65   Thumb Code   194  spaceinvaders.o(.text.shootBullet)
    writecommand                             0x00002e29   Thumb Code    44  st7735.o(.text.writecommand)
    writedata                                0x00002e55   Thumb Code    44  st7735.o(.text.writedata)
    BlackEnemy                               0x00002e80   Data         380  spaceinvaders.o(.rodata.BlackEnemy)
    Bullet                                   0x00002ffc   Data          30  spaceinvaders.o(.rodata.Bullet)
    Goodbye_English                          0x00003515   Data           8  spaceinvaders.o(.rodata.Goodbye_English)
    Goodbye_French                           0x0000351d   Data          10  spaceinvaders.o(.rodata.Goodbye_French)
    Goodbye_Portuguese                       0x00003527   Data           6  spaceinvaders.o(.rodata.Goodbye_Portuguese)
    Goodbye_Spanish                          0x0000352d   Data           6  spaceinvaders.o(.rodata.Goodbye_Spanish)
    Hello_English                            0x00003533   Data           6  spaceinvaders.o(.rodata.Hello_English)
    Hello_French                             0x00003539   Data           5  spaceinvaders.o(.rodata.Hello_French)
    Hello_Portuguese                         0x0000353e   Data           4  spaceinvaders.o(.rodata.Hello_Portuguese)
    Hello_Spanish                            0x00003542   Data           7  spaceinvaders.o(.rodata.Hello_Spanish)
    Language_English                         0x00003549   Data           8  spaceinvaders.o(.rodata.Language_English)
    Language_French                          0x00003551   Data           9  spaceinvaders.o(.rodata.Language_French)
    Language_Portuguese                      0x0000355a   Data          10  spaceinvaders.o(.rodata.Language_Portuguese)
    Language_Spanish                         0x00003564   Data           8  spaceinvaders.o(.rodata.Language_Spanish)
    PlayerShip0                              0x0000356c   Data         288  spaceinvaders.o(.rodata.PlayerShip0)
    SmallEnemy10pointA                       0x0000370c   Data         360  spaceinvaders.o(.rodata.SmallEnemy10pointA)
    invaderkilled                            0x00003874   Data        3377  wave.o(.rodata.invaderkilled)
    shoot                                    0x000045a5   Data        4080  wave.o(.rodata.shoot)
    Region$$Table$$Base                      0x00005630   Number         0  anon$$obj.o(Region$$Table)
    Region$$Table$$Limit                     0x00005650   Number         0  anon$$obj.o(Region$$Table)
    Phrases                                  0x20000000   Data          48  spaceinvaders.o(.data.Phrases)
    StTextColor                              0x20000030   Data           2  st7735.o(.data.StTextColor)
    myLanguage                               0x20000036   Data           1  spaceinvaders.o(.data.myLanguage)
    numberOfBullets                          0x20000038   Data           4  spaceinvaders.o(.data.numberOfBullets)
    __libspace_start                         0x20000040   Data          96  libspace.o(.bss)
    Amo                                      0x200000a0   Data           4  spaceinvaders.o(.bss.Amo)
    __temporary_stack_top$libspace           0x200000a0   Data           0  libspace.o(.bss)
    Anyalive                                 0x200000a4   Data           4  spaceinvaders.o(.bss.Anyalive)
    Data                                     0x200000ac   Data           4  spaceinvaders.o(.bss.Data)
    EndFlag                                  0x200000b0   Data           4  spaceinvaders.o(.bss.EndFlag)
    Enemy                                    0x200000b4   Data         960  spaceinvaders.o(.bss.Enemy)
    Flag                                     0x20000474   Data           1  spaceinvaders.o(.bss.Flag)
    FlagForTimer1                            0x20000478   Data           4  spaceinvaders.o(.bss.FlagForTimer1)
    FlagShoot                                0x2000047c   Data         160  spaceinvaders.o(.bss.FlagShoot)
    GameInitFlag                             0x2000051c   Data           4  spaceinvaders.o(.bss.GameInitFlag)
    GlobalCounter                            0x20000520   Data           4  soundfile.o(.bss.GlobalCounter)
    GlobalCounter_2                          0x20000524   Data           4  soundfile.o(.bss.GlobalCounter_2)
    HasSet                                   0x20000528   Data         160  spaceinvaders.o(.bss.HasSet)
    LoseFlag                                 0x200005c8   Data           4  spaceinvaders.o(.bss.LoseFlag)
    Message                                  0x200005cc   Data          12  st7735.o(.bss.Message)
    PauseFlag                                0x200005d8   Data           1  spaceinvaders.o(.bss.PauseFlag)
    PeriodicTask2                            0x200005dc   Data           4  texas.o(.bss.PeriodicTask2)
    Player                                   0x200005e0   Data          40  spaceinvaders.o(.bss.Player)
    Position                                 0x20000608   Data           4  spaceinvaders.o(.bss.Position)
    Shooter                                  0x20000610   Data        1600  spaceinvaders.o(.bss.Shooter)
    SineValue                                0x20000c50   Data           4  soundfile.o(.bss.SineValue)
    StX                                      0x20000c54   Data           4  st7735.o(.bss.StX)
    StY                                      0x20000c58   Data           4  st7735.o(.bss.StY)
    SystickFlag                              0x20000c5c   Data           4  soundfile.o(.bss.SystickFlag)
    SystickFlag_2                            0x20000c60   Data           4  soundfile.o(.bss.SystickFlag_2)
    TimerFlag                                0x20000c68   Data           4  spaceinvaders.o(.bss.TimerFlag)
    bar                                      0x20000c6c   Data          16  spaceinvaders.o(.bss.bar)
    foo                                      0x20000c7c   Data          16  spaceinvaders.o(.bss.foo)
    i                                        0x20000c8c   Data           4  soundfile.o(.bss.i)
    j                                        0x20000c90   Data           4  soundfile.o(.bss.j)
    numBullets                               0x20000c94   Data           4  spaceinvaders.o(.bss.numBullets)
    score                                    0x20000c98   Data           4  spaceinvaders.o(.bss.score)



==============================================================================

Memory Map of the image

  Image Entry point : 0x0000026d

  Load Region LR_1 (Base: 0x00000000, Size: 0x00005690, Max: 0xffffffff, ABSOLUTE)

    Execution Region ER_RO (Exec base: 0x00000000, Load base: 0x00000000, Size: 0x00005650, Max: 0xffffffff, ABSOLUTE)

    Exec Addr    Load Addr    Size         Type   Attr      Idx    E Section Name        Object

    0x00000000   0x00000000   0x00000284   Code   RO            3  * RESET               startup.o
    0x00000284   0x00000284   0x00000008   Code   RO          438  * !!!main             c_w.l(__main.o)
    0x0000028c   0x0000028c   0x00000034   Code   RO          603    !!!scatter          c_w.l(__scatter.o)
    0x000002c0   0x000002c0   0x0000001a   Code   RO          605    !!handler_copy      c_w.l(__scatter_copy.o)
    0x000002da   0x000002da   0x00000002   PAD
    0x000002dc   0x000002dc   0x0000001c   Code   RO          607    !!handler_zi        c_w.l(__scatter_zi.o)
    0x000002f8   0x000002f8   0x00000002   Code   RO          465    .ARM.Collect$$libinit$$00000000  c_w.l(libinit.o)
    0x000002fa   0x000002fa   0x00000000   Code   RO          472    .ARM.Collect$$libinit$$00000002  c_w.l(libinit2.o)
    0x000002fa   0x000002fa   0x00000000   Code   RO          474    .ARM.Collect$$libinit$$00000004  c_w.l(libinit2.o)
    0x000002fa   0x000002fa   0x00000000   Code   RO          476    .ARM.Collect$$libinit$$00000006  c_w.l(libinit2.o)
    0x000002fa   0x000002fa   0x00000000   Code   RO          479    .ARM.Collect$$libinit$$0000000C  c_w.l(libinit2.o)
    0x000002fa   0x000002fa   0x00000000   Code   RO          481    .ARM.Collect$$libinit$$0000000E  c_w.l(libinit2.o)
    0x000002fa   0x000002fa   0x00000000   Code   RO          483    .ARM.Collect$$libinit$$00000010  c_w.l(libinit2.o)
    0x000002fa   0x000002fa   0x00000000   Code   RO          486    .ARM.Collect$$libinit$$00000013  c_w.l(libinit2.o)
    0x000002fa   0x000002fa   0x00000000   Code   RO          488    .ARM.Collect$$libinit$$00000015  c_w.l(libinit2.o)
    0x000002fa   0x000002fa   0x00000000   Code   RO          490    .ARM.Collect$$libinit$$00000017  c_w.l(libinit2.o)
    0x000002fa   0x000002fa   0x00000000   Code   RO          492    .ARM.Collect$$libinit$$00000019  c_w.l(libinit2.o)
    0x000002fa   0x000002fa   0x00000000   Code   RO          494    .ARM.Collect$$libinit$$0000001B  c_w.l(libinit2.o)
    0x000002fa   0x000002fa   0x00000000   Code   RO          496    .ARM.Collect$$libinit$$0000001D  c_w.l(libinit2.o)
    0x000002fa   0x000002fa   0x00000000   Code   RO          498    .ARM.Collect$$libinit$$0000001F  c_w.l(libinit2.o)
    0x000002fa   0x000002fa   0x00000000   Code   RO          500    .ARM.Collect$$libinit$$00000021  c_w.l(libinit2.o)
    0x000002fa   0x000002fa   0x00000000   Code   RO          502    .ARM.Collect$$libinit$$00000023  c_w.l(libinit2.o)
    0x000002fa   0x000002fa   0x00000000   Code   RO          504    .ARM.Collect$$libinit$$00000025  c_w.l(libinit2.o)
    0x000002fa   0x000002fa   0x00000000   Code   RO          506    .ARM.Collect$$libinit$$00000027  c_w.l(libinit2.o)
    0x000002fa   0x000002fa   0x00000000   Code   RO          510    .ARM.Collect$$libinit$$0000002E  c_w.l(libinit2.o)
    0x000002fa   0x000002fa   0x00000000   Code   RO          512    .ARM.Collect$$libinit$$00000030  c_w.l(libinit2.o)
    0x000002fa   0x000002fa   0x00000000   Code   RO          514    .ARM.Collect$$libinit$$00000032  c_w.l(libinit2.o)
    0x000002fa   0x000002fa   0x00000000   Code   RO          516    .ARM.Collect$$libinit$$00000034  c_w.l(libinit2.o)
    0x000002fa   0x000002fa   0x00000002   Code   RO          517    .ARM.Collect$$libinit$$00000035  c_w.l(libinit2.o)
    0x000002fc   0x000002fc   0x00000002   Code   RO          539    .ARM.Collect$$libshutdown$$00000000  c_w.l(libshutdown.o)
    0x000002fe   0x000002fe   0x00000000   Code   RO          554    .ARM.Collect$$libshutdown$$00000002  c_w.l(libshutdown2.o)
    0x000002fe   0x000002fe   0x00000000   Code   RO          556    .ARM.Collect$$libshutdown$$00000004  c_w.l(libshutdown2.o)
    0x000002fe   0x000002fe   0x00000000   Code   RO          559    .ARM.Collect$$libshutdown$$00000007  c_w.l(libshutdown2.o)
    0x000002fe   0x000002fe   0x00000000   Code   RO          562    .ARM.Collect$$libshutdown$$0000000A  c_w.l(libshutdown2.o)
    0x000002fe   0x000002fe   0x00000000   Code   RO          564    .ARM.Collect$$libshutdown$$0000000C  c_w.l(libshutdown2.o)
    0x000002fe   0x000002fe   0x00000000   Code   RO          567    .ARM.Collect$$libshutdown$$0000000F  c_w.l(libshutdown2.o)
    0x000002fe   0x000002fe   0x00000002   Code   RO          568    .ARM.Collect$$libshutdown$$00000010  c_w.l(libshutdown2.o)
    0x00000300   0x00000300   0x00000000   Code   RO          440    .ARM.Collect$$rtentry$$00000000  c_w.l(__rtentry.o)
    0x00000300   0x00000300   0x00000000   Code   RO          442    .ARM.Collect$$rtentry$$00000002  c_w.l(__rtentry2.o)
    0x00000300   0x00000300   0x00000006   Code   RO          454    .ARM.Collect$$rtentry$$00000004  c_w.l(__rtentry4.o)
    0x00000306   0x00000306   0x00000000   Code   RO          444    .ARM.Collect$$rtentry$$00000009  c_w.l(__rtentry2.o)
    0x00000306   0x00000306   0x00000004   Code   RO          445    .ARM.Collect$$rtentry$$0000000A  c_w.l(__rtentry2.o)
    0x0000030a   0x0000030a   0x00000000   Code   RO          447    .ARM.Collect$$rtentry$$0000000C  c_w.l(__rtentry2.o)
    0x0000030a   0x0000030a   0x00000008   Code   RO          448    .ARM.Collect$$rtentry$$0000000D  c_w.l(__rtentry2.o)
    0x00000312   0x00000312   0x00000002   Code   RO          469    .ARM.Collect$$rtexit$$00000000  c_w.l(rtexit.o)
    0x00000314   0x00000314   0x00000000   Code   RO          519    .ARM.Collect$$rtexit$$00000002  c_w.l(rtexit2.o)
    0x00000314   0x00000314   0x00000004   Code   RO          520    .ARM.Collect$$rtexit$$00000003  c_w.l(rtexit2.o)
    0x00000318   0x00000318   0x00000006   Code   RO          521    .ARM.Collect$$rtexit$$00000004  c_w.l(rtexit2.o)
    0x0000031e   0x0000031e   0x00000002   PAD
    0x00000320   0x00000320   0x00000030   Code   RO            4    .text               startup.o
    0x00000350   0x00000350   0x0000003c   Code   RO           13    .text               random.o
    0x0000038c   0x0000038c   0x00000044   Code   RO          342    .text               busywait.o
    0x000003d0   0x000003d0   0x00000148   Code   RO          345    .text               stringconversion.o
    0x00000518   0x00000518   0x00000006   Code   RO          436    .text               c_w.l(heapauxi.o)
    0x0000051e   0x0000051e   0x0000004a   Code   RO          456    .text               c_w.l(sys_stackheap_outer.o)
    0x00000568   0x00000568   0x00000012   Code   RO          458    .text               c_w.l(exit.o)
    0x0000057a   0x0000057a   0x00000002   PAD
    0x0000057c   0x0000057c   0x00000008   Code   RO          466    .text               c_w.l(libspace.o)
    0x00000584   0x00000584   0x0000000c   Code   RO          529    .text               c_w.l(sys_exit.o)
    0x00000590   0x00000590   0x00000002   Code   RO          544    .text               c_w.l(use_no_semi.o)
    0x00000592   0x00000592   0x00000000   Code   RO          546    .text               c_w.l(indicate_semi.o)
    0x00000592   0x00000592   0x00000002   PAD
    0x00000594   0x00000594   0x000000fc   Code   RO          171    .text.ADC1_Init     texas.o
    0x00000690   0x00000690   0x00000046   Code   RO          187    .text.ADC_In        adc.o
    0x000006d6   0x000006d6   0x00000002   PAD
    0x000006d8   0x000006d8   0x000000fc   Code   RO          185    .text.ADC_Init      adc.o
    0x000007d4   0x000007d4   0x0000007c   Code   RO           72    .text.Attack        spaceinvaders.o
    0x00000850   0x00000850   0x000001be   Code   RO           76    .text.CheckCollision  spaceinvaders.o
    0x00000a0e   0x00000a0e   0x00000002   PAD
    0x00000a10   0x00000a10   0x0000014e   Code   RO           80    .text.CheckCollision_2  spaceinvaders.o
    0x00000b5e   0x00000b5e   0x00000002   PAD
    0x00000b60   0x00000b60   0x00000028   Code   RO           66    .text.Convert       spaceinvaders.o
    0x00000b88   0x00000b88   0x0000004a   Code   RO          196    .text.DAC_Init      dac.o
    0x00000bd2   0x00000bd2   0x00000002   PAD
    0x00000bd4   0x00000bd4   0x00000014   Code   RO          198    .text.DAC_Out       dac.o
    0x00000be8   0x00000be8   0x0000002e   Code   RO          220    .text.Delay1ms      st7735.o
    0x00000c16   0x00000c16   0x00000002   PAD
    0x00000c18   0x00000c18   0x000000d6   Code   RO           62    .text.GPIOPortE_Handler  spaceinvaders.o
    0x00000cee   0x00000cee   0x00000002   PAD
    0x00000cf0   0x00000cf0   0x0000022a   Code   RO           52    .text.GameDraw      spaceinvaders.o
    0x00000f1a   0x00000f1a   0x00000002   PAD
    0x00000f1c   0x00000f1c   0x0000023e   Code   RO           46    .text.GameInit      spaceinvaders.o
    0x0000115a   0x0000115a   0x00000002   PAD
    0x0000115c   0x0000115c   0x00000140   Code   RO           54    .text.GameMove      spaceinvaders.o
    0x0000129c   0x0000129c   0x0000001c   Code   RO          147    .text.LogicAnalyzerA  texas.o
    0x000012b8   0x000012b8   0x0000001a   Code   RO          149    .text.LogicAnalyzerB  texas.o
    0x000012d2   0x000012d2   0x00000002   PAD
    0x000012d4   0x000012d4   0x0000001c   Code   RO          151    .text.LogicAnalyzerC  texas.o
    0x000012f0   0x000012f0   0x0000001a   Code   RO          153    .text.LogicAnalyzerE  texas.o
    0x0000130a   0x0000130a   0x00000002   PAD
    0x0000130c   0x0000130c   0x0000001a   Code   RO          155    .text.LogicAnalyzerF  texas.o
    0x00001326   0x00001326   0x00000002   PAD
    0x00001328   0x00001328   0x00000010   Code   RO          300    .text.Output_Init   st7735.o
    0x00001338   0x00001338   0x00000096   Code   RO           78    .text.OverLap       spaceinvaders.o
    0x000013ce   0x000013ce   0x00000002   PAD
    0x000013d0   0x000013d0   0x0000008a   Code   RO          208    .text.PLL_Init      pll.o
    0x0000145a   0x0000145a   0x00000002   PAD
    0x0000145c   0x0000145c   0x000000e8   Code   RO          157    .text.PeriodicTask2_Init  texas.o
    0x00001544   0x00001544   0x000000c6   Code   RO          384    .text.PortE_Init    edgeinterrupt.o
    0x0000160a   0x0000160a   0x00000002   PAD
    0x0000160c   0x0000160c   0x0000003a   Code   RO           27    .text.PortF_Init    timer1.o
    0x00001646   0x00001646   0x00000002   PAD
    0x00001648   0x00001648   0x0000024c   Code   RO          256    .text.ST7735_DrawBitmap  st7735.o
    0x00001894   0x00001894   0x000001b4   Code   RO          258    .text.ST7735_DrawCharS  st7735.o
    0x00001a48   0x00001a48   0x00000070   Code   RO          234    .text.ST7735_DrawPixel  st7735.o
    0x00001ab8   0x00001ab8   0x0000009a   Code   RO          262    .text.ST7735_DrawString  st7735.o
    0x00001b52   0x00001b52   0x00000002   PAD
    0x00001b54   0x00001b54   0x0000013e   Code   RO          244    .text.ST7735_FillRect  st7735.o
    0x00001c92   0x00001c92   0x00000002   PAD
    0x00001c94   0x00001c94   0x00000034   Code   RO          228    .text.ST7735_FillScreen  st7735.o
    0x00001cc8   0x00001cc8   0x000000a6   Code   RO          230    .text.ST7735_InitR  st7735.o
    0x00001d6e   0x00001d6e   0x00000002   PAD
    0x00001d70   0x00001d70   0x0000010e   Code   RO          288    .text.ST7735_OutChar  st7735.o
    0x00001e7e   0x00001e7e   0x00000002   PAD
    0x00001e80   0x00001e80   0x0000002c   Code   RO           58    .text.ST7735_OutPhrase  spaceinvaders.o
    0x00001eac   0x00001eac   0x00000024   Code   RO          290    .text.ST7735_OutString  st7735.o
    0x00001ed0   0x00001ed0   0x000000b8   Code   RO          264    .text.ST7735_OutUDec  st7735.o
    0x00001f88   0x00001f88   0x00000036   Code   RO          226    .text.ST7735_SetCursor  st7735.o
    0x00001fbe   0x00001fbe   0x00000002   PAD
    0x00001fc0   0x00001fc0   0x00000018   Code   RO          145    .text.Scope         texas.o
    0x00001fd8   0x00001fd8   0x00000052   Code   RO           44    .text.ShowFirstScreen  spaceinvaders.o
    0x0000202a   0x0000202a   0x00000002   PAD
    0x0000202c   0x0000202c   0x0000001e   Code   RO          408    .text.Sound_Init    soundfile.o
    0x0000204a   0x0000204a   0x00000002   PAD
    0x0000204c   0x0000204c   0x00000022   Code   RO          410    .text.Sound_Start   soundfile.o
    0x0000206e   0x0000206e   0x00000002   PAD
    0x00002070   0x00002070   0x0000005e   Code   RO           50    .text.StringCenterX  spaceinvaders.o
    0x000020ce   0x000020ce   0x00000002   PAD
    0x000020d0   0x000020d0   0x00000122   Code   RO          418    .text.SysTick_Handler  soundfile.o
    0x000021f2   0x000021f2   0x00000002   PAD
    0x000021f4   0x000021f4   0x00000168   Code   RO          173    .text.TExaS_Init    texas.o
    0x0000235c   0x0000235c   0x0000003a   Code   RO           74    .text.Timer1A_Handler  spaceinvaders.o
    0x00002396   0x00002396   0x00000002   PAD
    0x00002398   0x00002398   0x00000096   Code   RO           25    .text.Timer1_Init   timer1.o
    0x0000242e   0x0000242e   0x00000002   PAD
    0x00002430   0x00002430   0x0000000e   Code   RO          357    .text.Timer2A_Handler  wave.o
    0x0000243e   0x0000243e   0x00000002   PAD
    0x00002440   0x00002440   0x0000005a   Code   RO           70    .text.Timer3A_Handler  spaceinvaders.o
    0x0000249a   0x0000249a   0x00000002   PAD
    0x0000249c   0x0000249c   0x00000094   Code   RO          392    .text.Timer3A_Init  timer3ainitialization.o
    0x00002530   0x00002530   0x0000001c   Code   RO          159    .text.Timer5A_Handler  texas.o
    0x0000254c   0x0000254c   0x000000a0   Code   RO          163    .text.UART0_Init    texas.o
    0x000025ec   0x000025ec   0x0000003e   Code   RO           56    .text.checkIfHitEnemyOrBackWall  spaceinvaders.o
    0x0000262a   0x0000262a   0x00000002   PAD
    0x0000262c   0x0000262c   0x00000068   Code   RO           48    .text.checkLoss     spaceinvaders.o
    0x00002694   0x00002694   0x000000aa   Code   RO          232    .text.commandList   st7735.o
    0x0000273e   0x0000273e   0x00000002   PAD
    0x00002740   0x00002740   0x000001a2   Code   RO          224    .text.commonInit    st7735.o
    0x000028e2   0x000028e2   0x00000002   PAD
    0x000028e4   0x000028e4   0x000003d0   Code   RO           42    .text.main          spaceinvaders.o
    0x00002cb4   0x00002cb4   0x0000001c   Code   RO          238    .text.pushColor     st7735.o
    0x00002cd0   0x00002cd0   0x00000094   Code   RO          236    .text.setAddrWindow  st7735.o
    0x00002d64   0x00002d64   0x000000c2   Code   RO           64    .text.shootBullet   spaceinvaders.o
    0x00002e26   0x00002e26   0x00000002   PAD
    0x00002e28   0x00002e28   0x0000002c   Code   RO          216    .text.writecommand  st7735.o
    0x00002e54   0x00002e54   0x0000002c   Code   RO          218    .text.writedata     st7735.o
    0x00002e80   0x00002e80   0x0000017c   Data   RO           93    .rodata.BlackEnemy  spaceinvaders.o
    0x00002ffc   0x00002ffc   0x0000001e   Data   RO           94    .rodata.Bullet      spaceinvaders.o
    0x0000301a   0x0000301a   0x000004fb   Data   RO          325    .rodata.Font        st7735.o
    0x00003515   0x00003515   0x00000008   Data   RO          102    .rodata.Goodbye_English  spaceinvaders.o
    0x0000351d   0x0000351d   0x0000000a   Data   RO          105    .rodata.Goodbye_French  spaceinvaders.o
    0x00003527   0x00003527   0x00000006   Data   RO          104    .rodata.Goodbye_Portuguese  spaceinvaders.o
    0x0000352d   0x0000352d   0x00000006   Data   RO          103    .rodata.Goodbye_Spanish  spaceinvaders.o
    0x00003533   0x00003533   0x00000006   Data   RO           98    .rodata.Hello_English  spaceinvaders.o
    0x00003539   0x00003539   0x00000005   Data   RO          101    .rodata.Hello_French  spaceinvaders.o
    0x0000353e   0x0000353e   0x00000004   Data   RO          100    .rodata.Hello_Portuguese  spaceinvaders.o
    0x00003542   0x00003542   0x00000007   Data   RO           99    .rodata.Hello_Spanish  spaceinvaders.o
    0x00003549   0x00003549   0x00000008   Data   RO          106    .rodata.Language_English  spaceinvaders.o
    0x00003551   0x00003551   0x00000009   Data   RO          109    .rodata.Language_French  spaceinvaders.o
    0x0000355a   0x0000355a   0x0000000a   Data   RO          108    .rodata.Language_Portuguese  spaceinvaders.o
    0x00003564   0x00003564   0x00000008   Data   RO          107    .rodata.Language_Spanish  spaceinvaders.o
    0x0000356c   0x0000356c   0x00000120   Data   RO           88    .rodata.PlayerShip0  spaceinvaders.o
    0x0000368c   0x0000368c   0x0000003b   Data   RO          314    .rodata.Rcmd1       st7735.o
    0x000036c7   0x000036c7   0x0000000d   Data   RO          315    .rodata.Rcmd2green  st7735.o
    0x000036d4   0x000036d4   0x0000000d   Data   RO          318    .rodata.Rcmd2red    st7735.o
    0x000036e1   0x000036e1   0x0000002b   Data   RO          319    .rodata.Rcmd3       st7735.o
    0x0000370c   0x0000370c   0x00000168   Data   RO           82    .rodata.SmallEnemy10pointA  spaceinvaders.o
    0x00003874   0x00003874   0x00000d31   Data   RO          370    .rodata.invaderkilled  wave.o
    0x000045a5   0x000045a5   0x00000ff0   Data   RO          369    .rodata.shoot       wave.o
    0x00005595   0x00005595   0x00000084   Data   RO           96    .rodata.str1.1      spaceinvaders.o
    0x00005619   0x00005619   0x00000016   Data   RO          334    .rodata.str1.1      st7735.o
    0x0000562f   0x0000562f   0x00000001   PAD
    0x00005630   0x00005630   0x00000020   Data   RO          602    Region$$Table       anon$$obj.o


    Execution Region ER_RW (Exec base: 0x20000000, Load base: 0x00005650, Size: 0x00000040, Max: 0xffffffff, ABSOLUTE)

    Exec Addr    Load Addr    Size         Type   Attr      Idx    E Section Name        Object

    0x20000000   0x00005650   0x00000030   Data   RW          111    .data.Phrases       spaceinvaders.o
    0x20000030   0x00005680   0x00000002   Data   RW          312    .data.StTextColor   st7735.o
    0x20000032   0x00005682   0x00000002   Data   RW          322    .data._height       st7735.o
    0x20000034   0x00005684   0x00000002   Data   RW          321    .data._width        st7735.o
    0x20000036   0x00005686   0x00000001   Data   RW           97    .data.myLanguage    spaceinvaders.o
    0x20000037   0x00005687   0x00000001   PAD
    0x20000038   0x00005688   0x00000004   Data   RW          116    .data.numberOfBullets  spaceinvaders.o
    0x2000003c   0x0000568c   0x00000004   Data   RW           12    DATA                random.o


    Execution Region ER_ZI (Exec base: 0x20000040, Load base: 0x00005690, Size: 0x00001060, Max: 0xffffffff, ABSOLUTE)

    Exec Addr    Load Addr    Size         Type   Attr      Idx    E Section Name        Object

    0x20000040        -       0x00000060   Zero   RW          467    .bss                c_w.l(libspace.o)
    0x200000a0        -       0x00000004   Zero   RW          125    .bss.Amo            spaceinvaders.o
    0x200000a4        -       0x00000004   Zero   RW          114    .bss.Anyalive       spaceinvaders.o
    0x200000a8        -       0x00000001   Zero   RW          316    .bss.ColStart       st7735.o
    0x200000a9   0x00005690   0x00000003   PAD
    0x200000ac        -       0x00000004   Zero   RW          134    .bss.Data           spaceinvaders.o
    0x200000b0        -       0x00000004   Zero   RW          128    .bss.EndFlag        spaceinvaders.o
    0x200000b4        -       0x000003c0   Zero   RW          130    .bss.Enemy          spaceinvaders.o
    0x20000474        -       0x00000001   Zero   RW          112    .bss.Flag           spaceinvaders.o
    0x20000475   0x00005690   0x00000003   PAD
    0x20000478        -       0x00000004   Zero   RW          119    .bss.FlagForTimer1  spaceinvaders.o
    0x2000047c        -       0x000000a0   Zero   RW          123    .bss.FlagShoot      spaceinvaders.o
    0x2000051c        -       0x00000004   Zero   RW          118    .bss.GameInitFlag   spaceinvaders.o
    0x20000520        -       0x00000004   Zero   RW          422    .bss.GlobalCounter  soundfile.o
    0x20000524        -       0x00000004   Zero   RW          423    .bss.GlobalCounter_2  soundfile.o
    0x20000528        -       0x000000a0   Zero   RW          122    .bss.HasSet         spaceinvaders.o
    0x200005c8        -       0x00000004   Zero   RW          129    .bss.LoseFlag       spaceinvaders.o
    0x200005cc        -       0x0000000c   Zero   RW          326    .bss.Message        st7735.o
    0x200005d8        -       0x00000001   Zero   RW          126    .bss.PauseFlag      spaceinvaders.o
    0x200005d9   0x00005690   0x00000003   PAD
    0x200005dc        -       0x00000004   Zero   RW          177    .bss.PeriodicTask2  texas.o
    0x200005e0        -       0x00000028   Zero   RW          131    .bss.Player         spaceinvaders.o
    0x20000608        -       0x00000004   Zero   RW          133    .bss.Position       spaceinvaders.o
    0x2000060c        -       0x00000001   Zero   RW          317    .bss.RowStart       st7735.o
    0x2000060d   0x00005690   0x00000003   PAD
    0x20000610        -       0x00000640   Zero   RW          132    .bss.Shooter        spaceinvaders.o
    0x20000c50        -       0x00000004   Zero   RW          420    .bss.SineValue      soundfile.o
    0x20000c54        -       0x00000004   Zero   RW          310    .bss.StX            st7735.o
    0x20000c58        -       0x00000004   Zero   RW          311    .bss.StY            st7735.o
    0x20000c5c        -       0x00000004   Zero   RW          424    .bss.SystickFlag    soundfile.o
    0x20000c60        -       0x00000004   Zero   RW          425    .bss.SystickFlag_2  soundfile.o
    0x20000c64        -       0x00000001   Zero   RW          320    .bss.TabColor       st7735.o
    0x20000c65   0x00005690   0x00000003   PAD
    0x20000c68        -       0x00000004   Zero   RW          115    .bss.TimerFlag      spaceinvaders.o
    0x20000c6c        -       0x00000010   Zero   RW          136    .bss.bar            spaceinvaders.o
    0x20000c7c        -       0x00000010   Zero   RW          135    .bss.foo            spaceinvaders.o
    0x20000c8c        -       0x00000004   Zero   RW          426    .bss.i              soundfile.o
    0x20000c90        -       0x00000004   Zero   RW          427    .bss.j              soundfile.o
    0x20000c94        -       0x00000004   Zero   RW          117    .bss.numBullets     spaceinvaders.o
    0x20000c98        -       0x00000004   Zero   RW          124    .bss.score          spaceinvaders.o
    0x20000c9c   0x00005690   0x00000004   PAD
    0x20000ca0        -       0x00000000   Zero   RW            2    HEAP                startup.o
    0x20000ca0        -       0x00000400   Zero   RW            1    STACK               startup.o


==============================================================================

Image component sizes


      Code (inc. data)   RO Data    RW Data    ZI Data      Debug   Object Name

       322          0          0          0          0        735   adc.o
        68          2          0          0          0        252   busywait.o
        94          0          0          0          0        699   dac.o
       198          0          0          0          0        592   edgeinterrupt.o
       138          0          0          0          0        574   pll.o
        60         14          0          4          0        228   random.o
       354          0          0          0         28       1498   soundfile.o
      4460          0       1277         53       2998       9744   spaceinvaders.o
      3284          0       1425          6         23      12608   st7735.o
       692        632          0          0       1024        956   startup.o
       328          2          0          0          0        336   stringconversion.o
      1190          0          0          0          4       2841   texas.o
       208          0          0          0          0        766   timer1.o
       148          0          0          0          0        656   timer3ainitialization.o
        14          0       7457          0          0       1919   wave.o

    ----------------------------------------------------------------------
     11624        650      10192         64       4096      34404   Object Totals
         0          0         32          0          0          0   (incl. Generated)
        66          0          1          1         19          0   (incl. Padding)

    ----------------------------------------------------------------------

      Code (inc. data)   RO Data    RW Data    ZI Data      Debug   Library Member Name

         8          0          0          0          0         68   __main.o
         0          0          0          0          0          0   __rtentry.o
        12          0          0          0          0          0   __rtentry2.o
         6          0          0          0          0          0   __rtentry4.o
        52          8          0          0          0          0   __scatter.o
        26          0          0          0          0          0   __scatter_copy.o
        28          0          0          0          0          0   __scatter_zi.o
        18          0          0          0          0         80   exit.o
         6          0          0          0          0        152   heapauxi.o
         0          0          0          0          0          0   indicate_semi.o
         2          0          0          0          0          0   libinit.o
         2          0          0          0          0          0   libinit2.o
         2          0          0          0          0          0   libshutdown.o
         2          0          0          0          0          0   libshutdown2.o
         8          4          0          0         96         68   libspace.o
         2          0          0          0          0          0   rtexit.o
        10          0          0          0          0          0   rtexit2.o
        12          4          0          0          0         68   sys_exit.o
        74          0          0          0          0         80   sys_stackheap_outer.o
         2          0          0          0          0         68   use_no_semi.o

    ----------------------------------------------------------------------
       280         16          0          0         96        584   Library Totals
         8          0          0          0          0          0   (incl. Padding)

    ----------------------------------------------------------------------

      Code (inc. data)   RO Data    RW Data    ZI Data      Debug   Library Name

       272         16          0          0         96        584   c_w.l

    ----------------------------------------------------------------------
       280         16          0          0         96        584   Library Totals

    ----------------------------------------------------------------------

==============================================================================


      Code (inc. data)   RO Data    RW Data    ZI Data      Debug   

     11904        666      10192         64       4192      34680   Grand Totals
     11904        666      10192         64       4192      34680   ELF Image Totals
     11904        666      10192         64          0          0   ROM Totals

==============================================================================

    Total RO  Size (Code + RO Data)                22096 (  21.58kB)
    Total RW  Size (RW Data + ZI Data)              4256 (   4.16kB)
    Total ROM Size (Code + RO Data + RW Data)      22160 (  21.64kB)

==============================================================================

